Release 13.4 - xst O.87xd (nt)
Copyright (c) 1995-2011 Xilinx, Inc.  All rights reserved.
--> Parameter TMPDIR set to xst/projnav.tmp


Total REAL time to Xst completion: 0.00 secs
Total CPU time to Xst completion: 0.53 secs
 
--> Parameter xsthdpdir set to xst


Total REAL time to Xst completion: 0.00 secs
Total CPU time to Xst completion: 0.53 secs
 
--> Reading design: Procesador_32_bits.prj

TABLE OF CONTENTS
  1) Synthesis Options Summary
  2) HDL Compilation
  3) Design Hierarchy Analysis
  4) HDL Analysis
  5) HDL Synthesis
     5.1) HDL Synthesis Report
  6) Advanced HDL Synthesis
     6.1) Advanced HDL Synthesis Report
  7) Low Level Synthesis
  8) Partition Report
  9) Final Report
	9.1) Device utilization summary
	9.2) Partition Resource Summary
	9.3) TIMING REPORT


=========================================================================
*                      Synthesis Options Summary                        *
=========================================================================
---- Source Parameters
Input File Name                    : "Procesador_32_bits.prj"
Input Format                       : mixed
Ignore Synthesis Constraint File   : NO

---- Target Parameters
Output File Name                   : "Procesador_32_bits"
Output Format                      : NGC
Target Device                      : xc3s700a-4-fg484

---- Source Options
Top Module Name                    : Procesador_32_bits
Automatic FSM Extraction           : YES
FSM Encoding Algorithm             : Auto
Safe Implementation                : No
FSM Style                          : LUT
RAM Extraction                     : Yes
RAM Style                          : Auto
ROM Extraction                     : Yes
Mux Style                          : Auto
Decoder Extraction                 : YES
Priority Encoder Extraction        : Yes
Shift Register Extraction          : YES
Logical Shifter Extraction         : YES
XOR Collapsing                     : YES
ROM Style                          : Auto
Mux Extraction                     : Yes
Resource Sharing                   : YES
Asynchronous To Synchronous        : NO
Multiplier Style                   : Auto
Automatic Register Balancing       : No

---- Target Options
Add IO Buffers                     : YES
Global Maximum Fanout              : 100000
Add Generic Clock Buffer(BUFG)     : 24
Register Duplication               : YES
Slice Packing                      : YES
Optimize Instantiated Primitives   : NO
Use Clock Enable                   : Yes
Use Synchronous Set                : Yes
Use Synchronous Reset              : Yes
Pack IO Registers into IOBs        : Auto
Equivalent register Removal        : YES

---- General Options
Optimization Goal                  : Speed
Optimization Effort                : 1
Keep Hierarchy                     : No
Netlist Hierarchy                  : As_Optimized
RTL Output                         : Yes
Global Optimization                : AllClockNets
Read Cores                         : YES
Write Timing Constraints           : NO
Cross Clock Analysis               : NO
Hierarchy Separator                : /
Bus Delimiter                      : <>
Case Specifier                     : Maintain
Slice Utilization Ratio            : 100
BRAM Utilization Ratio             : 100
Verilog 2001                       : YES
Auto BRAM Packing                  : NO
Slice Utilization Ratio Delta      : 5

=========================================================================


=========================================================================
*                          HDL Compilation                              *
=========================================================================
Compiling vhdl file "C:/Users/brj3mx/Desktop/Procesador 4 bits/ARM_Cortex_32_Bits/sub_32.vhd" in Library work.
Architecture behavioral of Entity sub_32 is up to date.
Compiling vhdl file "C:/Users/brj3mx/Desktop/Procesador 4 bits/ARM_Cortex_32_Bits/sub_deco_32.vhd" in Library work.
Architecture behavioral of Entity sub_deco_32 is up to date.
Compiling vhdl file "C:/Users/brj3mx/Desktop/Procesador 4 bits/ARM_Cortex_32_Bits/ARITH_PLUS.vhd" in Library work.
Architecture arith_plus of Entity arith_plus is up to date.
Compiling vhdl file "C:/Users/brj3mx/Desktop/Procesador 4 bits/ARM_Cortex_32_Bits/and_32.vhd" in Library work.
Architecture behavioral of Entity and_32 is up to date.
Compiling vhdl file "C:/Users/brj3mx/Desktop/Procesador 4 bits/ARM_Cortex_32_Bits/or_32.vhd" in Library work.
Architecture behavioral of Entity or_32 is up to date.
Compiling vhdl file "C:/Users/brj3mx/Desktop/Procesador 4 bits/ARM_Cortex_32_Bits/xor_32.vhd" in Library work.
Architecture behavioral of Entity xor_32 is up to date.
Compiling vhdl file "C:/Users/brj3mx/Desktop/Procesador 4 bits/ARM_Cortex_32_Bits/not_32.vhd" in Library work.
Architecture behavioral of Entity not_32 is up to date.
Compiling vhdl file "C:/Users/brj3mx/Desktop/Procesador 4 bits/ARM_Cortex_32_Bits/SUM_32.vhd" in Library work.
Architecture behavioral of Entity sum_32 is up to date.
Compiling vhdl file "C:/Users/brj3mx/Desktop/Procesador 4 bits/ARM_Cortex_32_Bits/shift_l32.vhd" in Library work.
Architecture behavioral of Entity shift_l_32 is up to date.
Compiling vhdl file "C:/Users/brj3mx/Desktop/Procesador 4 bits/ARM_Cortex_32_Bits/shift_r32.vhd" in Library work.
Architecture behavioral of Entity shift_r_32 is up to date.
Compiling vhdl file "C:/Users/brj3mx/Desktop/Procesador 4 bits/ARM_Cortex_32_Bits/swap_32.vhd" in Library work.
Architecture behavioral of Entity swap_32 is up to date.
Compiling vhdl file "C:/Users/brj3mx/Desktop/Procesador 4 bits/ARM_Cortex_32_Bits/MUL_DIV_32.vhd" in Library work.
Architecture behavioral of Entity mul_32 is up to date.
Compiling vhdl file "C:/Users/brj3mx/Desktop/Procesador 4 bits/ARM_Cortex_32_Bits/DIV_32.vhd" in Library work.
Architecture behavioral of Entity div_32 is up to date.
Compiling vhdl file "C:/Users/brj3mx/Desktop/Procesador 4 bits/ARM_Cortex_32_Bits/restador_32.vhd" in Library work.
Architecture behavioral of Entity restador_32 is up to date.
Compiling vhdl file "C:/Users/brj3mx/Desktop/Procesador 4 bits/ARM_Cortex_32_Bits/COND_FLAGS.vhd" in Library work.
Architecture behavioral of Entity cond_flags_mod is up to date.
Compiling vhdl file "C:/Users/brj3mx/Desktop/Procesador 4 bits/ARM_Cortex_32_Bits/rom_mod.vhd" in Library work.
Architecture behavioral of Entity rom_mod is up to date.
Compiling vhdl file "C:/Users/brj3mx/Desktop/Procesador 4 bits/ARM_Cortex_32_Bits/inst_reg.vhd" in Library work.
Architecture behavioral of Entity inst_reg is up to date.
Compiling vhdl file "C:/Users/brj3mx/Desktop/Procesador 4 bits/ARM_Cortex_32_Bits/dir_reg.vhd" in Library work.
Architecture behavioral of Entity dir_reg is up to date.
Compiling vhdl file "C:/Users/brj3mx/Desktop/Procesador 4 bits/ARM_Cortex_32_Bits/oc_reg.vhd" in Library work.
Architecture behavioral of Entity oc_reg is up to date.
Compiling vhdl file "C:/Users/brj3mx/Desktop/Procesador 4 bits/ARM_Cortex_32_Bits/ram_mod.vhd" in Library work.
Architecture behavioral of Entity ram_mod is up to date.
Compiling vhdl file "C:/Users/brj3mx/Desktop/Procesador 4 bits/ARM_Cortex_32_Bits/MBR.vhd" in Library work.
Architecture behavioral of Entity mbr_mod is up to date.
Compiling vhdl file "C:/Users/brj3mx/Desktop/Procesador 4 bits/ARM_Cortex_32_Bits/Mux_MBR.vhd" in Library work.
Architecture behavioral of Entity mux_mbr is up to date.
Compiling vhdl file "C:/Users/brj3mx/Desktop/Procesador 4 bits/ARM_Cortex_32_Bits/MAR.vhd" in Library work.
Architecture behavioral of Entity mar_mod is up to date.
Compiling vhdl file "C:/Users/brj3mx/Desktop/Procesador 4 bits/ARM_Cortex_32_Bits/Mux_MAR.vhd" in Library work.
Architecture behavioral of Entity mux_mar is up to date.
Compiling vhdl file "C:/Users/brj3mx/Desktop/Procesador 4 bits/ARM_Cortex_32_Bits/program_counter.vhd" in Library work.
Architecture behavioral of Entity program_counter is up to date.
Compiling vhdl file "C:/Users/brj3mx/Desktop/Procesador 4 bits/ARM_Cortex_32_Bits/reg_b.vhd" in Library work.
Architecture behavioral of Entity reg_b is up to date.
Compiling vhdl file "C:/Users/brj3mx/Desktop/Procesador 4 bits/ARM_Cortex_32_Bits/RegisterBank.vhd" in Library work.
Architecture behavioral of Entity registerbank is up to date.
Compiling vhdl file "C:/Users/brj3mx/Desktop/Procesador 4 bits/ARM_Cortex_32_Bits/uInst.vhd" in Library work.
Architecture behavioral of Entity uinst is up to date.
Compiling vhdl file "C:/Users/brj3mx/Desktop/Procesador 4 bits/ARM_Cortex_32_Bits/SPW.vhd" in Library work.
Architecture behavioral of Entity spw is up to date.
Compiling vhdl file "C:/Users/brj3mx/Desktop/Procesador 4 bits/ARM_Cortex_32_Bits/phase_gen.vhd" in Library work.
Architecture behavioral of Entity phase_gen is up to date.
Compiling vhdl file "C:/Users/brj3mx/Desktop/Procesador 4 bits/ARM_Cortex_32_Bits/port_4.vhd" in Library work.
Architecture behavioral of Entity port_4 is up to date.
Compiling vhdl file "C:/Users/brj3mx/Desktop/Procesador 4 bits/ARM_Cortex_32_Bits/portb_4.vhd" in Library work.
Architecture behavioral of Entity portb_4 is up to date.
Compiling vhdl file "C:/Users/brj3mx/Desktop/Procesador 4 bits/ARM_Cortex_32_Bits/port_8.vhd" in Library work.
Architecture behavioral of Entity port_8 is up to date.
Compiling vhdl file "C:/Users/brj3mx/Desktop/Procesador 4 bits/ARM_Cortex_32_Bits/PC_MODULE.vhd" in Library work.
Architecture behavioral of Entity pc_module is up to date.
Compiling vhdl file "C:/Users/brj3mx/Desktop/Procesador 4 bits/ARM_Cortex_32_Bits/RAM_Memory.vhd" in Library work.
Architecture behavioral of Entity ram_memory is up to date.
Compiling vhdl file "C:/Users/brj3mx/Desktop/Procesador 4 bits/ARM_Cortex_32_Bits/stkptr.vhd" in Library work.
Architecture behavioral of Entity stkptr is up to date.
Compiling vhdl file "C:/Users/brj3mx/Desktop/Procesador 4 bits/ARM_Cortex_32_Bits/Program_Memory.vhd" in Library work.
Architecture behavioral of Entity program_memory is up to date.
Compiling vhdl file "C:/Users/brj3mx/Desktop/Procesador 4 bits/ARM_Cortex_32_Bits/alu.vhd" in Library work.
Architecture behavioral of Entity alu is up to date.
Compiling vhdl file "C:/Users/brj3mx/Desktop/Procesador 4 bits/ARM_Cortex_32_Bits/reg_a.vhd" in Library work.
Architecture behavioral of Entity reg_a is up to date.
Compiling vhdl file "C:/Users/brj3mx/Desktop/Procesador 4 bits/ARM_Cortex_32_Bits/Bus.vhd" in Library work.
Architecture behavioral of Entity data_bus is up to date.
Compiling vhdl file "C:/Users/brj3mx/Desktop/Procesador 4 bits/ARM_Cortex_32_Bits/Procesador_32_bits.vhd" in Library work.
Entity <procesador_32_bits> compiled.
Entity <procesador_32_bits> (Architecture <behavioral>) compiled.

=========================================================================
*                     Design Hierarchy Analysis                         *
=========================================================================
Analyzing hierarchy for entity <Procesador_32_bits> in library <work> (architecture <behavioral>).

Analyzing hierarchy for entity <RegisterBank> in library <work> (architecture <behavioral>).

Analyzing hierarchy for entity <uInst> in library <work> (architecture <behavioral>).

Analyzing hierarchy for entity <SPW> in library <work> (architecture <behavioral>).

Analyzing hierarchy for entity <phase_gen> in library <work> (architecture <behavioral>).

Analyzing hierarchy for entity <port_4> in library <work> (architecture <behavioral>).

Analyzing hierarchy for entity <portb_4> in library <work> (architecture <behavioral>).

Analyzing hierarchy for entity <port_8> in library <work> (architecture <behavioral>).

Analyzing hierarchy for entity <PC_MODULE> in library <work> (architecture <behavioral>).

Analyzing hierarchy for entity <RAM_Memory> in library <work> (architecture <behavioral>).

Analyzing hierarchy for entity <stkptr> in library <work> (architecture <behavioral>).

Analyzing hierarchy for entity <Program_Memory> in library <work> (architecture <behavioral>).

Analyzing hierarchy for entity <alu> in library <work> (architecture <behavioral>).

Analyzing hierarchy for entity <reg_a> in library <work> (architecture <behavioral>).

Analyzing hierarchy for entity <reg_b> in library <work> (architecture <behavioral>).

Analyzing hierarchy for entity <data_bus> in library <work> (architecture <behavioral>).

Analyzing hierarchy for entity <program_counter> in library <work> (architecture <behavioral>).

Analyzing hierarchy for entity <ram_mod> in library <work> (architecture <behavioral>).

Analyzing hierarchy for entity <MBR_mod> in library <work> (architecture <behavioral>).

Analyzing hierarchy for entity <Mux_MBR> in library <work> (architecture <behavioral>).

Analyzing hierarchy for entity <MAR_mod> in library <work> (architecture <behavioral>).

Analyzing hierarchy for entity <Mux_MAR> in library <work> (architecture <behavioral>).

Analyzing hierarchy for entity <cond_flags_mod> in library <work> (architecture <behavioral>).

Analyzing hierarchy for entity <rom_mod> in library <work> (architecture <behavioral>).

Analyzing hierarchy for entity <inst_reg> in library <work> (architecture <behavioral>).

Analyzing hierarchy for entity <dir_reg> in library <work> (architecture <behavioral>).

Analyzing hierarchy for entity <oc_reg> in library <work> (architecture <behavioral>).

Analyzing hierarchy for entity <and_32> in library <work> (architecture <behavioral>).

Analyzing hierarchy for entity <or_32> in library <work> (architecture <behavioral>).

Analyzing hierarchy for entity <xor_32> in library <work> (architecture <behavioral>).

Analyzing hierarchy for entity <not_32> in library <work> (architecture <behavioral>).

Analyzing hierarchy for entity <SUM_32> in library <work> (architecture <behavioral>).

Analyzing hierarchy for entity <shift_l_32> in library <work> (architecture <behavioral>).

Analyzing hierarchy for entity <shift_r_32> in library <work> (architecture <behavioral>).

Analyzing hierarchy for entity <swap_32> in library <work> (architecture <behavioral>).

Analyzing hierarchy for entity <MUL_32> in library <work> (architecture <behavioral>).

Analyzing hierarchy for entity <DIV_32> in library <work> (architecture <behavioral>).

Analyzing hierarchy for entity <restador_32> in library <work> (architecture <behavioral>).

Analyzing hierarchy for entity <sub_32> in library <work> (architecture <behavioral>).

Analyzing hierarchy for entity <sub_deco_32> in library <work> (architecture <behavioral>).


=========================================================================
*                            HDL Analysis                               *
=========================================================================
Analyzing Entity <Procesador_32_bits> in library <work> (Architecture <behavioral>).
Entity <Procesador_32_bits> analyzed. Unit <Procesador_32_bits> generated.

Analyzing Entity <RegisterBank> in library <work> (Architecture <behavioral>).
Entity <RegisterBank> analyzed. Unit <RegisterBank> generated.

Analyzing Entity <uInst> in library <work> (Architecture <behavioral>).
INFO:Xst:2679 - Register <PM_BUS> in unit <uInst> has a constant value of 0 during circuit operation. The register is replaced by logic.
INFO:Xst:2679 - Register <B_BUS> in unit <uInst> has a constant value of 0 during circuit operation. The register is replaced by logic.
INFO:Xst:2679 - Register <A_BUS> in unit <uInst> has a constant value of 0 during circuit operation. The register is replaced by logic.
INFO:Xst:2679 - Register <PORT_SELECT> in unit <uInst> has a constant value of 0 during circuit operation. The register is replaced by logic.
INFO:Xst:2679 - Register <SEL_PORT_OR_BUS> in unit <uInst> has a constant value of 0 during circuit operation. The register is replaced by logic.
Entity <uInst> analyzed. Unit <uInst> generated.

Analyzing Entity <SPW> in library <work> (Architecture <behavioral>).
Entity <SPW> analyzed. Unit <SPW> generated.

Analyzing Entity <phase_gen> in library <work> (Architecture <behavioral>).
Entity <phase_gen> analyzed. Unit <phase_gen> generated.

Analyzing Entity <port_4> in library <work> (Architecture <behavioral>).
Entity <port_4> analyzed. Unit <port_4> generated.

Analyzing Entity <portb_4> in library <work> (Architecture <behavioral>).
Entity <portb_4> analyzed. Unit <portb_4> generated.

Analyzing Entity <port_8> in library <work> (Architecture <behavioral>).
Entity <port_8> analyzed. Unit <port_8> generated.

Analyzing Entity <PC_MODULE> in library <work> (Architecture <behavioral>).
Entity <PC_MODULE> analyzed. Unit <PC_MODULE> generated.

Analyzing Entity <program_counter> in library <work> (Architecture <behavioral>).
Entity <program_counter> analyzed. Unit <program_counter> generated.

Analyzing Entity <RAM_Memory> in library <work> (Architecture <behavioral>).
Entity <RAM_Memory> analyzed. Unit <RAM_Memory> generated.

Analyzing Entity <ram_mod> in library <work> (Architecture <behavioral>).
Entity <ram_mod> analyzed. Unit <ram_mod> generated.

Analyzing Entity <MBR_mod> in library <work> (Architecture <behavioral>).
Entity <MBR_mod> analyzed. Unit <MBR_mod> generated.

Analyzing Entity <Mux_MBR> in library <work> (Architecture <behavioral>).
Entity <Mux_MBR> analyzed. Unit <Mux_MBR> generated.

Analyzing Entity <MAR_mod> in library <work> (Architecture <behavioral>).
Entity <MAR_mod> analyzed. Unit <MAR_mod> generated.

Analyzing Entity <Mux_MAR> in library <work> (Architecture <behavioral>).
Entity <Mux_MAR> analyzed. Unit <Mux_MAR> generated.

Analyzing Entity <stkptr> in library <work> (Architecture <behavioral>).
Entity <stkptr> analyzed. Unit <stkptr> generated.

Analyzing Entity <Program_Memory> in library <work> (Architecture <behavioral>).
Entity <Program_Memory> analyzed. Unit <Program_Memory> generated.

Analyzing Entity <cond_flags_mod> in library <work> (Architecture <behavioral>).
Entity <cond_flags_mod> analyzed. Unit <cond_flags_mod> generated.

Analyzing Entity <rom_mod> in library <work> (Architecture <behavioral>).
Entity <rom_mod> analyzed. Unit <rom_mod> generated.

Analyzing Entity <inst_reg> in library <work> (Architecture <behavioral>).
Entity <inst_reg> analyzed. Unit <inst_reg> generated.

Analyzing Entity <dir_reg> in library <work> (Architecture <behavioral>).
Entity <dir_reg> analyzed. Unit <dir_reg> generated.

Analyzing Entity <oc_reg> in library <work> (Architecture <behavioral>).
Entity <oc_reg> analyzed. Unit <oc_reg> generated.

Analyzing Entity <alu> in library <work> (Architecture <behavioral>).
WARNING:Xst:819 - "C:/Users/brj3mx/Desktop/Procesador 4 bits/ARM_Cortex_32_Bits/alu.vhd" line 166: One or more signals are missing in the process sensitivity list. To enable synthesis of FPGA/CPLD hardware, XST will assume that all necessary signals are present in the sensitivity list. Please note that the result of the synthesis may differ from the initial design specification. The missing signals are:
   <spw_in>, <spw_default>
Entity <alu> analyzed. Unit <alu> generated.

Analyzing Entity <and_32> in library <work> (Architecture <behavioral>).
Entity <and_32> analyzed. Unit <and_32> generated.

Analyzing Entity <or_32> in library <work> (Architecture <behavioral>).
Entity <or_32> analyzed. Unit <or_32> generated.

Analyzing Entity <xor_32> in library <work> (Architecture <behavioral>).
Entity <xor_32> analyzed. Unit <xor_32> generated.

Analyzing Entity <not_32> in library <work> (Architecture <behavioral>).
Entity <not_32> analyzed. Unit <not_32> generated.

Analyzing Entity <SUM_32> in library <work> (Architecture <behavioral>).
Entity <SUM_32> analyzed. Unit <SUM_32> generated.

Analyzing Entity <shift_l_32> in library <work> (Architecture <behavioral>).
Entity <shift_l_32> analyzed. Unit <shift_l_32> generated.

Analyzing Entity <shift_r_32> in library <work> (Architecture <behavioral>).
Entity <shift_r_32> analyzed. Unit <shift_r_32> generated.

Analyzing Entity <swap_32> in library <work> (Architecture <behavioral>).
Entity <swap_32> analyzed. Unit <swap_32> generated.

Analyzing Entity <MUL_32> in library <work> (Architecture <behavioral>).
Entity <MUL_32> analyzed. Unit <MUL_32> generated.

Analyzing Entity <DIV_32> in library <work> (Architecture <behavioral>).
Entity <DIV_32> analyzed. Unit <DIV_32> generated.

Analyzing Entity <restador_32> in library <work> (Architecture <behavioral>).
Entity <restador_32> analyzed. Unit <restador_32> generated.

Analyzing Entity <sub_32> in library <work> (Architecture <behavioral>).
Entity <sub_32> analyzed. Unit <sub_32> generated.

Analyzing Entity <sub_deco_32> in library <work> (Architecture <behavioral>).
Entity <sub_deco_32> analyzed. Unit <sub_deco_32> generated.

Analyzing Entity <reg_a> in library <work> (Architecture <behavioral>).
Entity <reg_a> analyzed. Unit <reg_a> generated.

Analyzing Entity <reg_b> in library <work> (Architecture <behavioral>).
Entity <reg_b> analyzed. Unit <reg_b> generated.

Analyzing Entity <data_bus> in library <work> (Architecture <behavioral>).
Entity <data_bus> analyzed. Unit <data_bus> generated.


=========================================================================
*                           HDL Synthesis                               *
=========================================================================

Performing bidirectional port resolution...

Synthesizing Unit <uInst>.
    Related source file is "C:/Users/brj3mx/Desktop/Procesador 4 bits/ARM_Cortex_32_Bits/uInst.vhd".
WARNING:Xst:647 - Input <Cond_Flags<2:0>> is never used. This port will be preserved and left unconnected if it belongs to a top-level block or it belongs to a sub-block and the hierarchy of this sub-block is preserved.
    Register <ReadMem> equivalent to <Load_Instr> has been removed
    Found 1-bit register for signal <LOAD_EN_REGISTER_BANK>.
    Found 1-bit register for signal <LOAD_MS_MUX>.
    Found 1-bit register for signal <LOAD_A>.
    Found 1-bit register for signal <LOAD_B>.
    Found 1-bit register for signal <MBR_MUX>.
    Found 1-bit register for signal <LOAD_CJNE>.
    Found 1-bit register for signal <LOAD_PC>.
    Found 1-bit register for signal <A_SRC_MUX>.
    Found 1-bit register for signal <WR_PORT>.
    Found 4-bit register for signal <ALU_SIGNAL>.
    Found 4-bit register for signal <SEL_REGISTER_BANK>.
    Found 1-bit register for signal <LOAD_SPW>.
    Found 1-bit register for signal <WR_RAM>.
    Found 1-bit register for signal <SPTR_INC>.
    Found 1-bit register for signal <Load_Instr>.
    Found 2-bit register for signal <ENABLE_PORT>.
    Found 1-bit register for signal <PORT_BUS>.
    Found 1-bit register for signal <SPTR_DEC>.
    Found 5-bit register for signal <SEL_BUS>.
    Found 1-bit register for signal <PC_INC>.
    Found 1-bit register for signal <PC_SRC_MUX>.
    Found 1-bit register for signal <ALU_BUS>.
    Found 1-bit register for signal <MAR_MUX>.
    Summary:
	inferred  34 D-type flip-flop(s).
Unit <uInst> synthesized.


Synthesizing Unit <SPW>.
    Related source file is "C:/Users/brj3mx/Desktop/Procesador 4 bits/ARM_Cortex_32_Bits/SPW.vhd".
    Found 5-bit register for signal <out_SPW>.
    Summary:
	inferred   5 D-type flip-flop(s).
Unit <SPW> synthesized.


Synthesizing Unit <phase_gen>.
    Related source file is "C:/Users/brj3mx/Desktop/Procesador 4 bits/ARM_Cortex_32_Bits/phase_gen.vhd".
    Found 8-bit register for signal <phase_out>.
Unit <phase_gen> synthesized.


Synthesizing Unit <port_4>.
    Related source file is "C:/Users/brj3mx/Desktop/Procesador 4 bits/ARM_Cortex_32_Bits/port_4.vhd".
    Found 8-bit register for signal <a>.
    Summary:
	inferred   8 D-type flip-flop(s).
Unit <port_4> synthesized.


Synthesizing Unit <portb_4>.
    Related source file is "C:/Users/brj3mx/Desktop/Procesador 4 bits/ARM_Cortex_32_Bits/portb_4.vhd".
    Found 8-bit register for signal <a>.
    Summary:
	inferred   8 D-type flip-flop(s).
Unit <portb_4> synthesized.


Synthesizing Unit <port_8>.
    Related source file is "C:/Users/brj3mx/Desktop/Procesador 4 bits/ARM_Cortex_32_Bits/port_8.vhd".
    Found 8-bit register for signal <a>.
    Summary:
	inferred   8 D-type flip-flop(s).
Unit <port_8> synthesized.


Synthesizing Unit <stkptr>.
    Related source file is "C:/Users/brj3mx/Desktop/Procesador 4 bits/ARM_Cortex_32_Bits/stkptr.vhd".
    Found 5-bit updown counter for signal <stack_dir>.
    Summary:
	inferred   1 Counter(s).
Unit <stkptr> synthesized.


Synthesizing Unit <reg_a>.
    Related source file is "C:/Users/brj3mx/Desktop/Procesador 4 bits/ARM_Cortex_32_Bits/reg_a.vhd".
    Found 32-bit register for signal <a>.
    Summary:
	inferred  32 D-type flip-flop(s).
Unit <reg_a> synthesized.


Synthesizing Unit <reg_b>.
    Related source file is "C:/Users/brj3mx/Desktop/Procesador 4 bits/ARM_Cortex_32_Bits/reg_b.vhd".
    Found 32-bit register for signal <out_bus>.
    Summary:
	inferred  32 D-type flip-flop(s).
Unit <reg_b> synthesized.


Synthesizing Unit <data_bus>.
    Related source file is "C:/Users/brj3mx/Desktop/Procesador 4 bits/ARM_Cortex_32_Bits/Bus.vhd".
Unit <data_bus> synthesized.


Synthesizing Unit <program_counter>.
    Related source file is "C:/Users/brj3mx/Desktop/Procesador 4 bits/ARM_Cortex_32_Bits/program_counter.vhd".
    Found 7-bit up counter for signal <addr_out1>.
    Summary:
	inferred   1 Counter(s).
Unit <program_counter> synthesized.


Synthesizing Unit <ram_mod>.
    Related source file is "C:/Users/brj3mx/Desktop/Procesador 4 bits/ARM_Cortex_32_Bits/ram_mod.vhd".
WARNING:Xst:647 - Input <CE> is never used. This port will be preserved and left unconnected if it belongs to a top-level block or it belongs to a sub-block and the hierarchy of this sub-block is preserved.
    Found 32x8-bit single-port RAM <Mram_RAM> for signal <RAM>.
    Summary:
	inferred   1 RAM(s).
Unit <ram_mod> synthesized.


Synthesizing Unit <MBR_mod>.
    Related source file is "C:/Users/brj3mx/Desktop/Procesador 4 bits/ARM_Cortex_32_Bits/MBR.vhd".
    Found 8-bit register for signal <out_data>.
    Summary:
	inferred   8 D-type flip-flop(s).
Unit <MBR_mod> synthesized.


Synthesizing Unit <Mux_MBR>.
    Related source file is "C:/Users/brj3mx/Desktop/Procesador 4 bits/ARM_Cortex_32_Bits/Mux_MBR.vhd".
Unit <Mux_MBR> synthesized.


Synthesizing Unit <MAR_mod>.
    Related source file is "C:/Users/brj3mx/Desktop/Procesador 4 bits/ARM_Cortex_32_Bits/MAR.vhd".
    Found 5-bit register for signal <out_addr>.
    Summary:
	inferred   5 D-type flip-flop(s).
Unit <MAR_mod> synthesized.


Synthesizing Unit <Mux_MAR>.
    Related source file is "C:/Users/brj3mx/Desktop/Procesador 4 bits/ARM_Cortex_32_Bits/Mux_MAR.vhd".
Unit <Mux_MAR> synthesized.


Synthesizing Unit <cond_flags_mod>.
    Related source file is "C:/Users/brj3mx/Desktop/Procesador 4 bits/ARM_Cortex_32_Bits/COND_FLAGS.vhd".
    Found 4-bit register for signal <out_uc>.
    Summary:
	inferred   4 D-type flip-flop(s).
Unit <cond_flags_mod> synthesized.


Synthesizing Unit <rom_mod>.
    Related source file is "C:/Users/brj3mx/Desktop/Procesador 4 bits/ARM_Cortex_32_Bits/rom_mod.vhd".
WARNING:Xst:646 - Signal <rom_data<30:16>> is assigned but never used. This unconnected signal will be trimmed during the optimization process.
    Found 128x32-bit ROM for signal <rom_data$rom0000> created at line 76.
    Summary:
	inferred   1 ROM(s).
Unit <rom_mod> synthesized.


Synthesizing Unit <inst_reg>.
    Related source file is "C:/Users/brj3mx/Desktop/Procesador 4 bits/ARM_Cortex_32_Bits/inst_reg.vhd".
    Found 4-bit register for signal <out_bus>.
    Summary:
	inferred   4 D-type flip-flop(s).
Unit <inst_reg> synthesized.


Synthesizing Unit <dir_reg>.
    Related source file is "C:/Users/brj3mx/Desktop/Procesador 4 bits/ARM_Cortex_32_Bits/dir_reg.vhd".
    Found 7-bit register for signal <out_pc>.
    Summary:
	inferred   7 D-type flip-flop(s).
Unit <dir_reg> synthesized.


Synthesizing Unit <oc_reg>.
    Related source file is "C:/Users/brj3mx/Desktop/Procesador 4 bits/ARM_Cortex_32_Bits/oc_reg.vhd".
    Found 5-bit register for signal <out_uc>.
    Summary:
	inferred   5 D-type flip-flop(s).
Unit <oc_reg> synthesized.


Synthesizing Unit <and_32>.
    Related source file is "C:/Users/brj3mx/Desktop/Procesador 4 bits/ARM_Cortex_32_Bits/and_32.vhd".
Unit <and_32> synthesized.


Synthesizing Unit <or_32>.
    Related source file is "C:/Users/brj3mx/Desktop/Procesador 4 bits/ARM_Cortex_32_Bits/or_32.vhd".
Unit <or_32> synthesized.


Synthesizing Unit <xor_32>.
    Related source file is "C:/Users/brj3mx/Desktop/Procesador 4 bits/ARM_Cortex_32_Bits/xor_32.vhd".
    Found 32-bit xor2 for signal <out_q>.
Unit <xor_32> synthesized.


Synthesizing Unit <not_32>.
    Related source file is "C:/Users/brj3mx/Desktop/Procesador 4 bits/ARM_Cortex_32_Bits/not_32.vhd".
Unit <not_32> synthesized.


Synthesizing Unit <SUM_32>.
    Related source file is "C:/Users/brj3mx/Desktop/Procesador 4 bits/ARM_Cortex_32_Bits/SUM_32.vhd".
    Found 33-bit adder for signal <q1>.
    Found 33-bit adder for signal <q1$addsub0000> created at line 55.
    Summary:
	inferred   2 Adder/Subtractor(s).
Unit <SUM_32> synthesized.


Synthesizing Unit <shift_l_32>.
    Related source file is "C:/Users/brj3mx/Desktop/Procesador 4 bits/ARM_Cortex_32_Bits/shift_l32.vhd".
Unit <shift_l_32> synthesized.


Synthesizing Unit <shift_r_32>.
    Related source file is "C:/Users/brj3mx/Desktop/Procesador 4 bits/ARM_Cortex_32_Bits/shift_r32.vhd".
Unit <shift_r_32> synthesized.


Synthesizing Unit <swap_32>.
    Related source file is "C:/Users/brj3mx/Desktop/Procesador 4 bits/ARM_Cortex_32_Bits/swap_32.vhd".
Unit <swap_32> synthesized.


Synthesizing Unit <MUL_32>.
    Related source file is "C:/Users/brj3mx/Desktop/Procesador 4 bits/ARM_Cortex_32_Bits/MUL_DIV_32.vhd".
    Found 16x16-bit multiplier for signal <Q1>.
    Summary:
	inferred   1 Multiplier(s).
Unit <MUL_32> synthesized.


Synthesizing Unit <DIV_32>.
    Related source file is "C:/Users/brj3mx/Desktop/Procesador 4 bits/ARM_Cortex_32_Bits/DIV_32.vhd".
    Found 17-bit adder for signal <p1$addsub0000> created at line 38.
    Found 17-bit adder for signal <p1$addsub0001> created at line 38.
    Found 17-bit adder for signal <p1$addsub0002> created at line 38.
    Found 17-bit adder for signal <p1$addsub0003> created at line 38.
    Found 17-bit adder for signal <p1$addsub0004> created at line 38.
    Found 17-bit adder for signal <p1$addsub0005> created at line 38.
    Found 17-bit adder for signal <p1$addsub0006> created at line 38.
    Found 17-bit adder for signal <p1$addsub0007> created at line 38.
    Found 17-bit adder for signal <p1$addsub0008> created at line 38.
    Found 17-bit adder for signal <p1$addsub0009> created at line 38.
    Found 17-bit adder for signal <p1$addsub0010> created at line 38.
    Found 17-bit adder for signal <p1$addsub0011> created at line 38.
    Found 17-bit adder for signal <p1$addsub0012> created at line 38.
    Found 17-bit adder for signal <p1$addsub0013> created at line 38.
    Found 17-bit adder for signal <p1$addsub0014> created at line 38.
    Found 17-bit subtractor for signal <p1$sub0000> created at line 35.
    Found 17-bit subtractor for signal <p1$sub0001> created at line 35.
    Found 17-bit subtractor for signal <p1$sub0002> created at line 35.
    Found 17-bit subtractor for signal <p1$sub0003> created at line 35.
    Found 17-bit subtractor for signal <p1$sub0004> created at line 35.
    Found 17-bit subtractor for signal <p1$sub0005> created at line 35.
    Found 17-bit subtractor for signal <p1$sub0006> created at line 35.
    Found 17-bit subtractor for signal <p1$sub0007> created at line 35.
    Found 17-bit subtractor for signal <p1$sub0008> created at line 35.
    Found 17-bit subtractor for signal <p1$sub0009> created at line 35.
    Found 17-bit subtractor for signal <p1$sub0010> created at line 35.
    Found 17-bit subtractor for signal <p1$sub0011> created at line 35.
    Found 17-bit subtractor for signal <p1$sub0012> created at line 35.
    Found 17-bit subtractor for signal <p1$sub0013> created at line 35.
    Found 17-bit subtractor for signal <p1$sub0014> created at line 35.
    Found 17-bit subtractor for signal <p1$sub0015> created at line 35.
    Found 16-bit comparator less for signal <Q1_11$cmp_lt0000> created at line 61.
    Summary:
	inferred  31 Adder/Subtractor(s).
	inferred   1 Comparator(s).
Unit <DIV_32> synthesized.


Synthesizing Unit <sub_32>.
    Related source file is "C:/Users/brj3mx/Desktop/Procesador 4 bits/ARM_Cortex_32_Bits/sub_32.vhd".
    Found 33-bit adder for signal <q1>.
    Summary:
	inferred   1 Adder/Subtractor(s).
Unit <sub_32> synthesized.


Synthesizing Unit <sub_deco_32>.
    Related source file is "C:/Users/brj3mx/Desktop/Procesador 4 bits/ARM_Cortex_32_Bits/sub_deco_32.vhd".
WARNING:Xst:653 - Signal <c> is used but never assigned. This sourceless signal will be automatically connected to value 00000000000000000000000000000001.
    Found 32-bit adder for signal <q$addsub0000> created at line 53.
    Summary:
	inferred   1 Adder/Subtractor(s).
Unit <sub_deco_32> synthesized.


Synthesizing Unit <RegisterBank>.
    Related source file is "C:/Users/brj3mx/Desktop/Procesador 4 bits/ARM_Cortex_32_Bits/RegisterBank.vhd".
WARNING:Xst:646 - Signal <Reg_N_EN<31:10>> is assigned but never used. This unconnected signal will be trimmed during the optimization process.
WARNING:Xst:1780 - Signal <Reg_Bank_Out> is never used or assigned. This unconnected signal will be trimmed during the optimization process.
    Found 32-bit register for signal <data_out>.
    Found 32-bit register for signal <Reg_N_EN>.
    Summary:
	inferred  64 D-type flip-flop(s).
Unit <RegisterBank> synthesized.


Synthesizing Unit <PC_MODULE>.
    Related source file is "C:/Users/brj3mx/Desktop/Procesador 4 bits/ARM_Cortex_32_Bits/PC_MODULE.vhd".
Unit <PC_MODULE> synthesized.


Synthesizing Unit <RAM_Memory>.
    Related source file is "C:/Users/brj3mx/Desktop/Procesador 4 bits/ARM_Cortex_32_Bits/RAM_Memory.vhd".
Unit <RAM_Memory> synthesized.


Synthesizing Unit <Program_Memory>.
    Related source file is "C:/Users/brj3mx/Desktop/Procesador 4 bits/ARM_Cortex_32_Bits/Program_Memory.vhd".
Unit <Program_Memory> synthesized.


Synthesizing Unit <restador_32>.
    Related source file is "C:/Users/brj3mx/Desktop/Procesador 4 bits/ARM_Cortex_32_Bits/restador_32.vhd".
Unit <restador_32> synthesized.


Synthesizing Unit <alu>.
    Related source file is "C:/Users/brj3mx/Desktop/Procesador 4 bits/ARM_Cortex_32_Bits/alu.vhd".
WARNING:Xst:653 - Signal <spw_default> is used but never assigned. This sourceless signal will be automatically connected to value 00000.
WARNING:Xst:646 - Signal <spw_alu<4:3>> is assigned but never used. This unconnected signal will be trimmed during the optimization process.
WARNING:Xst:646 - Signal <spw_alu<1:0>> is assigned but never used. This unconnected signal will be trimmed during the optimization process.
WARNING:Xst:646 - Signal <q_not> is assigned but never used. This unconnected signal will be trimmed during the optimization process.
WARNING:Xst:737 - Found 1-bit latch for signal <out_c>. Latches may be generated from incomplete case or if statements. We do not recommend the use of latches in FPGA/CPLD designs, as they may lead to timing problems.
INFO:Xst:2371 - HDL ADVISOR - Logic functions respectively driving the data and gate enable inputs of this latch share common terms. This situation will potentially lead to setup/hold violations and, as a result, to simulation problems. This situation may come from an incomplete case statement (all selector values are not covered). You should carefully review if it was in your intentions to describe such a latch.
Unit <alu> synthesized.


Synthesizing Unit <Procesador_32_bits>.
    Related source file is "C:/Users/brj3mx/Desktop/Procesador 4 bits/ARM_Cortex_32_Bits/Procesador_32_bits.vhd".
WARNING:Xst:646 - Signal <WR_PORT> is assigned but never used. This unconnected signal will be trimmed during the optimization process.
WARNING:Xst:653 - Signal <RAM_OUT<31:8>> is used but never assigned. This sourceless signal will be automatically connected to value 000000000000000000000000.
WARNING:Xst:646 - Signal <PORT_SELECT> is assigned but never used. This unconnected signal will be trimmed during the optimization process.
WARNING:Xst:646 - Signal <PORT_BUS> is assigned but never used. This unconnected signal will be trimmed during the optimization process.
WARNING:Xst:646 - Signal <PM_BUS> is assigned but never used. This unconnected signal will be trimmed during the optimization process.
WARNING:Xst:1780 - Signal <PC_OUT<31:7>> is never used or assigned. This unconnected signal will be trimmed during the optimization process.
WARNING:Xst:646 - Signal <Load_Instr> is assigned but never used. This unconnected signal will be trimmed during the optimization process.
WARNING:Xst:646 - Signal <B_BUS> is assigned but never used. This unconnected signal will be trimmed during the optimization process.
WARNING:Xst:646 - Signal <A_BUS> is assigned but never used. This unconnected signal will be trimmed during the optimization process.
WARNING:Xst:646 - Signal <ALU_BUS> is assigned but never used. This unconnected signal will be trimmed during the optimization process.
Unit <Procesador_32_bits> synthesized.

WARNING:Xst:524 - All outputs of the instance <G4> of the block <not_32> are unconnected in block <alu>.
   This instance will be removed from the design along with all underlying logic

=========================================================================
HDL Synthesis Report

Macro Statistics
# RAMs                                                 : 1
 32x8-bit single-port RAM                              : 1
# ROMs                                                 : 1
 128x32-bit ROM                                        : 1
# Multipliers                                          : 1
 16x16-bit multiplier                                  : 1
# Adders/Subtractors                                   : 35
 17-bit adder                                          : 15
 17-bit subtractor                                     : 16
 32-bit adder                                          : 1
 33-bit adder                                          : 3
# Counters                                             : 2
 5-bit updown counter                                  : 1
 7-bit up counter                                      : 1
# Registers                                            : 52
 1-bit register                                        : 24
 2-bit register                                        : 1
 32-bit register                                       : 14
 4-bit register                                        : 4
 5-bit register                                        : 3
 7-bit register                                        : 1
 8-bit register                                        : 5
# Latches                                              : 1
 1-bit latch                                           : 1
# Comparators                                          : 1
 16-bit comparator less                                : 1
# Xors                                                 : 1
 32-bit xor2                                           : 1

=========================================================================

=========================================================================
*                       Advanced HDL Synthesis                          *
=========================================================================

WARNING:Xst:1710 - FF/Latch <SEL_BUS_3> (without init value) has a constant value of 0 in block <uInst_F>. This FF/Latch will be trimmed during the optimization process.
WARNING:Xst:1710 - FF/Latch <SEL_BUS_4> (without init value) has a constant value of 0 in block <uInst_F>. This FF/Latch will be trimmed during the optimization process.
WARNING:Xst:1293 - FF/Latch <out_uc_2> has a constant value of 0 in block <COND_FLAGS>. This FF/Latch will be trimmed during the optimization process.
WARNING:Xst:2677 - Node <Reg_N_EN_10> of sequential type is unconnected in block <RegisterBank_F>.
WARNING:Xst:2677 - Node <Reg_N_EN_11> of sequential type is unconnected in block <RegisterBank_F>.
WARNING:Xst:2677 - Node <Reg_N_EN_12> of sequential type is unconnected in block <RegisterBank_F>.
WARNING:Xst:2677 - Node <Reg_N_EN_13> of sequential type is unconnected in block <RegisterBank_F>.
WARNING:Xst:2677 - Node <Reg_N_EN_14> of sequential type is unconnected in block <RegisterBank_F>.
WARNING:Xst:2677 - Node <Reg_N_EN_15> of sequential type is unconnected in block <RegisterBank_F>.
WARNING:Xst:2677 - Node <Reg_N_EN_16> of sequential type is unconnected in block <RegisterBank_F>.
WARNING:Xst:2677 - Node <Reg_N_EN_17> of sequential type is unconnected in block <RegisterBank_F>.
WARNING:Xst:2677 - Node <Reg_N_EN_18> of sequential type is unconnected in block <RegisterBank_F>.
WARNING:Xst:2677 - Node <Reg_N_EN_19> of sequential type is unconnected in block <RegisterBank_F>.
WARNING:Xst:2677 - Node <Reg_N_EN_20> of sequential type is unconnected in block <RegisterBank_F>.
WARNING:Xst:2677 - Node <Reg_N_EN_21> of sequential type is unconnected in block <RegisterBank_F>.
WARNING:Xst:2677 - Node <Reg_N_EN_22> of sequential type is unconnected in block <RegisterBank_F>.
WARNING:Xst:2677 - Node <Reg_N_EN_23> of sequential type is unconnected in block <RegisterBank_F>.
WARNING:Xst:2677 - Node <Reg_N_EN_24> of sequential type is unconnected in block <RegisterBank_F>.
WARNING:Xst:2677 - Node <Reg_N_EN_25> of sequential type is unconnected in block <RegisterBank_F>.
WARNING:Xst:2677 - Node <Reg_N_EN_26> of sequential type is unconnected in block <RegisterBank_F>.
WARNING:Xst:2677 - Node <Reg_N_EN_27> of sequential type is unconnected in block <RegisterBank_F>.
WARNING:Xst:2677 - Node <Reg_N_EN_28> of sequential type is unconnected in block <RegisterBank_F>.
WARNING:Xst:2677 - Node <Reg_N_EN_29> of sequential type is unconnected in block <RegisterBank_F>.
WARNING:Xst:2677 - Node <Reg_N_EN_30> of sequential type is unconnected in block <RegisterBank_F>.
WARNING:Xst:2677 - Node <Reg_N_EN_31> of sequential type is unconnected in block <RegisterBank_F>.
WARNING:Xst:2677 - Node <out_uc_0> of sequential type is unconnected in block <COND_FLAGS>.
WARNING:Xst:2677 - Node <out_uc_1> of sequential type is unconnected in block <COND_FLAGS>.

Synthesizing (advanced) Unit <ram_mod>.
INFO:Xst:3231 - The small RAM <Mram_RAM> will be implemented on LUTs in order to maximize performance and save block RAM resources. If you want to force its implementation on block, use option/constraint ram_style.
    -----------------------------------------------------------------------
    | ram_type           | Distributed                         |          |
    -----------------------------------------------------------------------
    | Port A                                                              |
    |     aspect ratio   | 32-word x 8-bit                     |          |
    |     clkA           | connected to signal <clk>           | rise     |
    |     weA            | connected to signal <WE>            | high     |
    |     addrA          | connected to signal <adrr>          |          |
    |     diA            | connected to signal <datain_ram>    |          |
    |     doA            | connected to signal <dataout_ram>   |          |
    -----------------------------------------------------------------------
Unit <ram_mod> synthesized (advanced).
WARNING:Xst:2677 - Node <Reg_N_EN_10> of sequential type is unconnected in block <RegisterBank>.
WARNING:Xst:2677 - Node <Reg_N_EN_11> of sequential type is unconnected in block <RegisterBank>.
WARNING:Xst:2677 - Node <Reg_N_EN_12> of sequential type is unconnected in block <RegisterBank>.
WARNING:Xst:2677 - Node <Reg_N_EN_13> of sequential type is unconnected in block <RegisterBank>.
WARNING:Xst:2677 - Node <Reg_N_EN_14> of sequential type is unconnected in block <RegisterBank>.
WARNING:Xst:2677 - Node <Reg_N_EN_15> of sequential type is unconnected in block <RegisterBank>.
WARNING:Xst:2677 - Node <Reg_N_EN_16> of sequential type is unconnected in block <RegisterBank>.
WARNING:Xst:2677 - Node <Reg_N_EN_17> of sequential type is unconnected in block <RegisterBank>.
WARNING:Xst:2677 - Node <Reg_N_EN_18> of sequential type is unconnected in block <RegisterBank>.
WARNING:Xst:2677 - Node <Reg_N_EN_19> of sequential type is unconnected in block <RegisterBank>.
WARNING:Xst:2677 - Node <Reg_N_EN_20> of sequential type is unconnected in block <RegisterBank>.
WARNING:Xst:2677 - Node <Reg_N_EN_21> of sequential type is unconnected in block <RegisterBank>.
WARNING:Xst:2677 - Node <Reg_N_EN_22> of sequential type is unconnected in block <RegisterBank>.
WARNING:Xst:2677 - Node <Reg_N_EN_23> of sequential type is unconnected in block <RegisterBank>.
WARNING:Xst:2677 - Node <Reg_N_EN_24> of sequential type is unconnected in block <RegisterBank>.
WARNING:Xst:2677 - Node <Reg_N_EN_25> of sequential type is unconnected in block <RegisterBank>.
WARNING:Xst:2677 - Node <Reg_N_EN_26> of sequential type is unconnected in block <RegisterBank>.
WARNING:Xst:2677 - Node <Reg_N_EN_27> of sequential type is unconnected in block <RegisterBank>.
WARNING:Xst:2677 - Node <Reg_N_EN_28> of sequential type is unconnected in block <RegisterBank>.
WARNING:Xst:2677 - Node <Reg_N_EN_29> of sequential type is unconnected in block <RegisterBank>.
WARNING:Xst:2677 - Node <Reg_N_EN_30> of sequential type is unconnected in block <RegisterBank>.
WARNING:Xst:2677 - Node <Reg_N_EN_31> of sequential type is unconnected in block <RegisterBank>.

=========================================================================
Advanced HDL Synthesis Report

Macro Statistics
# RAMs                                                 : 1
 32x8-bit single-port distributed RAM                  : 1
# ROMs                                                 : 1
 128x32-bit ROM                                        : 1
# Multipliers                                          : 1
 16x16-bit multiplier                                  : 1
# Adders/Subtractors                                   : 34
 15-bit adder                                          : 1
 16-bit subtractor                                     : 2
 17-bit adder                                          : 14
 17-bit subtractor                                     : 14
 32-bit adder                                          : 1
 33-bit adder                                          : 1
 33-bit adder carry in                                 : 1
# Counters                                             : 2
 5-bit updown counter                                  : 1
 7-bit up counter                                      : 1
# Registers                                            : 530
 Flip-Flops                                            : 530
# Latches                                              : 1
 1-bit latch                                           : 1
# Comparators                                          : 1
 16-bit comparator less                                : 1
# Xors                                                 : 1
 32-bit xor2                                           : 1

=========================================================================

=========================================================================
*                         Low Level Synthesis                           *
=========================================================================
WARNING:Xst:1710 - FF/Latch <SEL_BUS_3> (without init value) has a constant value of 0 in block <uInst>. This FF/Latch will be trimmed during the optimization process.
WARNING:Xst:1895 - Due to other FF/Latch trimming, FF/Latch <SEL_BUS_4> (without init value) has a constant value of 0 in block <uInst>. This FF/Latch will be trimmed during the optimization process.
INFO:Xst:2261 - The FF/Latch <PM_F/COND_FLAGS/out_uc_0> in Unit <Procesador_32_bits> is equivalent to the following 2 FFs/Latches, which will be removed : <PM_F/COND_FLAGS/out_uc_1> <PM_F/COND_FLAGS/out_uc_2> 
WARNING:Xst:1293 - FF/Latch <PM_F/COND_FLAGS/out_uc_0> has a constant value of 0 in block <Procesador_32_bits>. This FF/Latch will be trimmed during the optimization process.
INFO:Xst:2261 - The FF/Latch <PM_F/DIR/out_pc_0> in Unit <Procesador_32_bits> is equivalent to the following 8 FFs/Latches, which will be removed : <PM_F/DIR/out_pc_1> <PM_F/DIR/out_pc_2> <PM_F/DIR/out_pc_3> <PM_F/DIR/out_pc_4> <PM_F/DIR/out_pc_5> <PM_F/DIR/out_pc_6> <PM_F/INST/out_bus_1> <PM_F/INST/out_bus_3> 

Optimizing unit <Procesador_32_bits> ...

Optimizing unit <uInst> ...

Optimizing unit <port_4> ...

Optimizing unit <portb_4> ...

Optimizing unit <port_8> ...

Optimizing unit <reg_a> ...

Optimizing unit <reg_b> ...

Optimizing unit <MBR_mod> ...

Optimizing unit <sub_deco_32> ...

Optimizing unit <phase_gen> ...

Optimizing unit <RegisterBank> ...

Optimizing unit <PC_MODULE> ...

Optimizing unit <alu> ...
WARNING:Xst:2677 - Node <SPW_F/out_SPW_4> of sequential type is unconnected in block <Procesador_32_bits>.
WARNING:Xst:2677 - Node <SPW_F/out_SPW_3> of sequential type is unconnected in block <Procesador_32_bits>.
WARNING:Xst:2677 - Node <SPW_F/out_SPW_0> of sequential type is unconnected in block <Procesador_32_bits>.
WARNING:Xst:2677 - Node <uInst_F/ALU_BUS> of sequential type is unconnected in block <Procesador_32_bits>.
WARNING:Xst:2677 - Node <uInst_F/PORT_BUS> of sequential type is unconnected in block <Procesador_32_bits>.
WARNING:Xst:2677 - Node <uInst_F/WR_PORT> of sequential type is unconnected in block <Procesador_32_bits>.

Mapping all equations...
Building and optimizing final netlist ...
Found area constraint ratio of 100 (+ 5) on block Procesador_32_bits, actual ratio is 17.
FlipFlop reg_b_F/out_bus_0 has been replicated 1 time(s)
FlipFlop reg_b_F/out_bus_1 has been replicated 1 time(s)
FlipFlop reg_b_F/out_bus_10 has been replicated 1 time(s)
FlipFlop reg_b_F/out_bus_11 has been replicated 1 time(s)
FlipFlop reg_b_F/out_bus_12 has been replicated 1 time(s)
FlipFlop reg_b_F/out_bus_13 has been replicated 1 time(s)
FlipFlop reg_b_F/out_bus_14 has been replicated 1 time(s)
FlipFlop reg_b_F/out_bus_15 has been replicated 1 time(s)
FlipFlop reg_b_F/out_bus_2 has been replicated 1 time(s)
FlipFlop reg_b_F/out_bus_3 has been replicated 1 time(s)
FlipFlop reg_b_F/out_bus_4 has been replicated 1 time(s)
FlipFlop reg_b_F/out_bus_5 has been replicated 1 time(s)
FlipFlop reg_b_F/out_bus_6 has been replicated 1 time(s)
FlipFlop reg_b_F/out_bus_7 has been replicated 1 time(s)
FlipFlop reg_b_F/out_bus_8 has been replicated 1 time(s)
FlipFlop reg_b_F/out_bus_9 has been replicated 1 time(s)

Final Macro Processing ...

=========================================================================
Final Register Report

Macro Statistics
# Registers                                            : 539
 Flip-Flops                                            : 539

=========================================================================

=========================================================================
*                           Partition Report                            *
=========================================================================

Partition Implementation Status
-------------------------------

  No Partitions were found in this design.

-------------------------------

=========================================================================
*                            Final Report                               *
=========================================================================
Final Results
RTL Top Level Output File Name     : Procesador_32_bits.ngr
Top Level Output File Name         : Procesador_32_bits
Output Format                      : NGC
Optimization Goal                  : Speed
Keep Hierarchy                     : No

Design Statistics
# IOs                              : 50

Cell Usage :
# BELS                             : 2992
#      GND                         : 1
#      INV                         : 48
#      LUT1                        : 1
#      LUT2                        : 411
#      LUT3                        : 337
#      LUT4                        : 951
#      LUT4_L                      : 6
#      MUXCY                       : 561
#      MUXF5                       : 112
#      VCC                         : 1
#      XORCY                       : 563
# FlipFlops/Latches                : 540
#      FD                          : 16
#      FD_1                        : 10
#      FDC_1                       : 7
#      FDCE                        : 409
#      FDE                         : 33
#      FDE_1                       : 13
#      FDP_1                       : 1
#      FDPE                        : 5
#      FDS                         : 13
#      FDS_1                       : 32
#      LD                          : 1
# RAMS                             : 8
#      RAM32X1S                    : 8
# Clock Buffers                    : 1
#      BUFGP                       : 1
# IO Buffers                       : 25
#      IBUF                        : 1
#      OBUF                        : 24
# MULTs                            : 1
#      MULT18X18SIO                : 1
=========================================================================

Device utilization summary:
---------------------------

Selected Device : 3s700afg484-4 

 Number of Slices:                      945  out of   5888    16%  
 Number of Slice Flip Flops:            540  out of  11776     4%  
 Number of 4 input LUTs:               1770  out of  11776    15%  
    Number used as logic:              1754
    Number used as RAMs:                 16
 Number of IOs:                          50
 Number of bonded IOBs:                  26  out of    372     6%  
 Number of MULT18X18SIOs:                 1  out of     20     5%  
 Number of GCLKs:                         1  out of     24     4%  

---------------------------
Partition Resource Summary:
---------------------------

  No Partitions were found in this design.

---------------------------


=========================================================================
TIMING REPORT

NOTE: THESE TIMING NUMBERS ARE ONLY A SYNTHESIS ESTIMATE.
      FOR ACCURATE TIMING INFORMATION PLEASE REFER TO THE TRACE REPORT
      GENERATED AFTER PLACE-and-ROUTE.

Clock Information:
------------------
-------------------------------------------+------------------------+-------+
Clock Signal                               | Clock buffer(FF name)  | Load  |
-------------------------------------------+------------------------+-------+
clk                                        | BUFGP                  | 547   |
ALU_F/out_c_not0001(ALU_F/out_c_not00011:O)| NONE(*)(ALU_F/out_c)   | 1     |
-------------------------------------------+------------------------+-------+
(*) This 1 clock signal(s) are generated by combinatorial logic,
and XST is not able to identify which are the primary clock signals.
Please use the CLOCK_SIGNAL constraint to specify the clock signal(s) generated by combinatorial logic.
INFO:Xst:2169 - HDL ADVISOR - Some clock signals were not automatically buffered by XST with BUFG/BUFR resources. Please use the buffer_type constraint in order to insert these buffers to the clock signals to help prevent skew problems.

Asynchronous Control Signals Information:
----------------------------------------
------------------------------------------+----------------------------+-------+
Control Signal                            | Buffer(FF name)            | Load  |
------------------------------------------+----------------------------+-------+
PC_F/reset_inv(reg_b_F/reset_inv1_INV_0:O)| NONE(PC_F/PC_X/addr_out1_0)| 422   |
------------------------------------------+----------------------------+-------+

Timing Summary:
---------------
Speed Grade: -4

   Minimum period: 83.003ns (Maximum Frequency: 12.048MHz)
   Minimum input arrival time before clock: No path found
   Maximum output required time after clock: 5.558ns
   Maximum combinational path delay: No path found

Timing Detail:
--------------
All values displayed in nanoseconds (ns)

=========================================================================
Timing constraint: Default period analysis for Clock 'clk'
  Clock period: 83.003ns (frequency: 12.048MHz)
  Total number of paths / destination ports: 116245557526207680000000000000000 / 1099
-------------------------------------------------------------------------
Delay:               83.003ns (Levels of Logic = 89)
  Source:            reg_a_F/a_15 (FF)
  Destination:       Port_A/a_0 (FF)
  Source Clock:      clk rising
  Destination Clock: clk rising

  Data Path: reg_a_F/a_15 to Port_A/a_0
                                Gate     Net
    Cell:in->out      fanout   Delay   Delay  Logical Name (Net Name)
    ----------------------------------------  ------------
     FDCE:C->Q            14   0.591   1.080  reg_a_F/a_15 (reg_a_F/a_15)
     LUT2:I1->O            1   0.643   0.000  ALU_F/G10/Msub_p1_sub0000_lut<0> (ALU_F/G10/Msub_p1_sub0000_lut<0>)
     MUXCY:S->O            1   0.632   0.000  ALU_F/G10/Msub_p1_sub0000_cy<0> (ALU_F/G10/Msub_p1_sub0000_cy<0>)
     XORCY:CI->O           3   0.844   0.611  ALU_F/G10/Msub_p1_sub0000_xor<1> (ALU_F/G10/p1_sub0000<1>)
     LUT2:I1->O            1   0.643   0.000  ALU_F/G10/Madd_p1_addsub0000_lut<1> (ALU_F/G10/Madd_p1_addsub0000_lut<1>)
     MUXCY:S->O            1   0.632   0.000  ALU_F/G10/Madd_p1_addsub0000_cy<1> (ALU_F/G10/Madd_p1_addsub0000_cy<1>)
     XORCY:CI->O           2   0.844   0.479  ALU_F/G10/Madd_p1_addsub0000_xor<2> (ALU_F/G10/p1_addsub0000<2>)
     LUT3:I2->O            0   0.648   0.000  ALU_F/G10/p1_mux0000<2>1 (ALU_F/G10/p1_mux0000<2>)
     MUXCY:DI->O           1   0.787   0.000  ALU_F/G10/Msub_p1_sub0001_cy<3> (ALU_F/G10/Msub_p1_sub0001_cy<3>)
     XORCY:CI->O           3   0.844   0.611  ALU_F/G10/Msub_p1_sub0001_xor<4> (ALU_F/G10/p1_sub0001<4>)
     LUT2:I1->O            1   0.643   0.000  ALU_F/G10/Madd_p1_addsub0001_lut<4> (ALU_F/G10/Madd_p1_addsub0001_lut<4>)
     MUXCY:S->O            1   0.632   0.000  ALU_F/G10/Madd_p1_addsub0001_cy<4> (ALU_F/G10/Madd_p1_addsub0001_cy<4>)
     XORCY:CI->O           2   0.844   0.479  ALU_F/G10/Madd_p1_addsub0001_xor<5> (ALU_F/G10/p1_addsub0001<5>)
     LUT3:I2->O            0   0.648   0.000  ALU_F/G10/p1_mux0001<5>1 (ALU_F/G10/p1_mux0001<5>)
     MUXCY:DI->O           1   0.787   0.000  ALU_F/G10/Msub_p1_sub0002_cy<6> (ALU_F/G10/Msub_p1_sub0002_cy<6>)
     XORCY:CI->O           3   0.844   0.611  ALU_F/G10/Msub_p1_sub0002_xor<7> (ALU_F/G10/p1_sub0002<7>)
     LUT2:I1->O            1   0.643   0.000  ALU_F/G10/Madd_p1_addsub0002_lut<7> (ALU_F/G10/Madd_p1_addsub0002_lut<7>)
     MUXCY:S->O            1   0.632   0.000  ALU_F/G10/Madd_p1_addsub0002_cy<7> (ALU_F/G10/Madd_p1_addsub0002_cy<7>)
     XORCY:CI->O           2   0.844   0.479  ALU_F/G10/Madd_p1_addsub0002_xor<8> (ALU_F/G10/p1_addsub0002<8>)
     LUT3:I2->O            0   0.648   0.000  ALU_F/G10/p1_mux0002<8>1 (ALU_F/G10/p1_mux0002<8>)
     MUXCY:DI->O           1   0.787   0.000  ALU_F/G10/Msub_p1_sub0003_cy<9> (ALU_F/G10/Msub_p1_sub0003_cy<9>)
     XORCY:CI->O           3   0.844   0.611  ALU_F/G10/Msub_p1_sub0003_xor<10> (ALU_F/G10/p1_sub0003<10>)
     LUT2:I1->O            1   0.643   0.000  ALU_F/G10/Madd_p1_addsub0003_lut<10> (ALU_F/G10/Madd_p1_addsub0003_lut<10>)
     MUXCY:S->O            1   0.632   0.000  ALU_F/G10/Madd_p1_addsub0003_cy<10> (ALU_F/G10/Madd_p1_addsub0003_cy<10>)
     XORCY:CI->O           2   0.844   0.479  ALU_F/G10/Madd_p1_addsub0003_xor<11> (ALU_F/G10/p1_addsub0003<11>)
     LUT3:I2->O            0   0.648   0.000  ALU_F/G10/p1_mux0003<11>1 (ALU_F/G10/p1_mux0003<11>)
     MUXCY:DI->O           1   0.787   0.000  ALU_F/G10/Msub_p1_sub0004_cy<12> (ALU_F/G10/Msub_p1_sub0004_cy<12>)
     XORCY:CI->O           3   0.844   0.611  ALU_F/G10/Msub_p1_sub0004_xor<13> (ALU_F/G10/p1_sub0004<13>)
     LUT2:I1->O            1   0.643   0.000  ALU_F/G10/Madd_p1_addsub0004_lut<13> (ALU_F/G10/Madd_p1_addsub0004_lut<13>)
     XORCY:LI->O           2   0.720   0.479  ALU_F/G10/Madd_p1_addsub0004_xor<13> (ALU_F/G10/p1_addsub0004<13>)
     LUT3:I2->O            0   0.648   0.000  ALU_F/G10/p1_mux0004<13>1 (ALU_F/G10/p1_mux0004<13>)
     MUXCY:DI->O           0   0.787   0.000  ALU_F/G10/Msub_p1_sub0005_cy<14> (ALU_F/G10/Msub_p1_sub0005_cy<14>)
     XORCY:CI->O          30   0.844   1.294  ALU_F/G10/Msub_p1_sub0005_xor<15> (ALU_F/G10/p1_sub0005<15>)
     LUT3:I2->O            0   0.648   0.000  ALU_F/G10/p1_mux0005<0>1 (ALU_F/G10/p1_mux0005<0>)
     MUXCY:DI->O           1   0.787   0.000  ALU_F/G10/Msub_p1_sub0006_cy<1> (ALU_F/G10/Msub_p1_sub0006_cy<1>)
     MUXCY:CI->O           1   0.065   0.000  ALU_F/G10/Msub_p1_sub0006_cy<2> (ALU_F/G10/Msub_p1_sub0006_cy<2>)
     XORCY:CI->O           3   0.844   0.611  ALU_F/G10/Msub_p1_sub0006_xor<3> (ALU_F/G10/p1_sub0006<3>)
     LUT2:I1->O            1   0.643   0.000  ALU_F/G10/Madd_p1_addsub0007_lut<3> (ALU_F/G10/Madd_p1_addsub0007_lut<3>)
     MUXCY:S->O            1   0.632   0.000  ALU_F/G10/Madd_p1_addsub0007_cy<3> (ALU_F/G10/Madd_p1_addsub0007_cy<3>)
     XORCY:CI->O           2   0.844   0.479  ALU_F/G10/Madd_p1_addsub0007_xor<4> (ALU_F/G10/p1_addsub0007<4>)
     LUT3:I2->O            0   0.648   0.000  ALU_F/G10/p1_mux0006<4>1 (ALU_F/G10/p1_mux0006<4>)
     MUXCY:DI->O           1   0.787   0.000  ALU_F/G10/Msub_p1_sub0007_cy<5> (ALU_F/G10/Msub_p1_sub0007_cy<5>)
     XORCY:CI->O           3   0.844   0.611  ALU_F/G10/Msub_p1_sub0007_xor<6> (ALU_F/G10/p1_sub0007<6>)
     LUT2:I1->O            1   0.643   0.000  ALU_F/G10/Madd_p1_addsub0009_lut<6> (ALU_F/G10/Madd_p1_addsub0009_lut<6>)
     MUXCY:S->O            1   0.632   0.000  ALU_F/G10/Madd_p1_addsub0009_cy<6> (ALU_F/G10/Madd_p1_addsub0009_cy<6>)
     XORCY:CI->O           2   0.844   0.479  ALU_F/G10/Madd_p1_addsub0009_xor<7> (ALU_F/G10/p1_addsub0009<7>)
     LUT3:I2->O            0   0.648   0.000  ALU_F/G10/p1_mux0007<7>1 (ALU_F/G10/p1_mux0007<7>)
     MUXCY:DI->O           1   0.787   0.000  ALU_F/G10/Msub_p1_sub0008_cy<8> (ALU_F/G10/Msub_p1_sub0008_cy<8>)
     XORCY:CI->O           3   0.844   0.611  ALU_F/G10/Msub_p1_sub0008_xor<9> (ALU_F/G10/p1_sub0008<9>)
     LUT2:I1->O            1   0.643   0.000  ALU_F/G10/Madd_p1_addsub0011_lut<9> (ALU_F/G10/Madd_p1_addsub0011_lut<9>)
     MUXCY:S->O            1   0.632   0.000  ALU_F/G10/Madd_p1_addsub0011_cy<9> (ALU_F/G10/Madd_p1_addsub0011_cy<9>)
     XORCY:CI->O           2   0.844   0.479  ALU_F/G10/Madd_p1_addsub0011_xor<10> (ALU_F/G10/p1_addsub0011<10>)
     LUT3:I2->O            0   0.648   0.000  ALU_F/G10/p1_mux0008<10>1 (ALU_F/G10/p1_mux0008<10>)
     MUXCY:DI->O           1   0.787   0.000  ALU_F/G10/Msub_p1_sub0009_cy<11> (ALU_F/G10/Msub_p1_sub0009_cy<11>)
     XORCY:CI->O           3   0.844   0.611  ALU_F/G10/Msub_p1_sub0009_xor<12> (ALU_F/G10/p1_sub0009<12>)
     LUT2:I1->O            1   0.643   0.000  ALU_F/G10/Madd_p1_addsub0013_lut<12> (ALU_F/G10/Madd_p1_addsub0013_lut<12>)
     MUXCY:S->O            1   0.632   0.000  ALU_F/G10/Madd_p1_addsub0013_cy<12> (ALU_F/G10/Madd_p1_addsub0013_cy<12>)
     XORCY:CI->O           2   0.844   0.479  ALU_F/G10/Madd_p1_addsub0013_xor<13> (ALU_F/G10/p1_addsub0013<13>)
     LUT3:I2->O            0   0.648   0.000  ALU_F/G10/p1_mux0009<13>1 (ALU_F/G10/p1_mux0009<13>)
     MUXCY:DI->O           0   0.787   0.000  ALU_F/G10/Msub_p1_sub0010_cy<14> (ALU_F/G10/Msub_p1_sub0010_cy<14>)
     XORCY:CI->O          30   0.844   1.294  ALU_F/G10/Msub_p1_sub0010_xor<15> (ALU_F/G10/p1_sub0010<15>)
     LUT3:I2->O            0   0.648   0.000  ALU_F/G10/p1_mux0010<0>1 (ALU_F/G10/p1_mux0010<0>)
     MUXCY:DI->O           1   0.787   0.000  ALU_F/G10/Msub_p1_sub0011_cy<1> (ALU_F/G10/Msub_p1_sub0011_cy<1>)
     MUXCY:CI->O           1   0.065   0.000  ALU_F/G10/Msub_p1_sub0011_cy<2> (ALU_F/G10/Msub_p1_sub0011_cy<2>)
     XORCY:CI->O           3   0.844   0.611  ALU_F/G10/Msub_p1_sub0011_xor<3> (ALU_F/G10/p1_sub0011<3>)
     LUT2:I1->O            1   0.643   0.000  ALU_F/G10/Madd_p1_addsub0008_lut<3> (ALU_F/G10/Madd_p1_addsub0008_lut<3>)
     MUXCY:S->O            1   0.632   0.000  ALU_F/G10/Madd_p1_addsub0008_cy<3> (ALU_F/G10/Madd_p1_addsub0008_cy<3>)
     XORCY:CI->O           2   0.844   0.479  ALU_F/G10/Madd_p1_addsub0008_xor<4> (ALU_F/G10/p1_addsub0008<4>)
     LUT3:I2->O            0   0.648   0.000  ALU_F/G10/p1_mux0011<4>1 (ALU_F/G10/p1_mux0011<4>)
     MUXCY:DI->O           1   0.787   0.000  ALU_F/G10/Msub_p1_sub0012_cy<5> (ALU_F/G10/Msub_p1_sub0012_cy<5>)
     XORCY:CI->O           3   0.844   0.611  ALU_F/G10/Msub_p1_sub0012_xor<6> (ALU_F/G10/p1_sub0012<6>)
     LUT2:I1->O            1   0.643   0.000  ALU_F/G10/Madd_p1_addsub0010_lut<6> (ALU_F/G10/Madd_p1_addsub0010_lut<6>)
     MUXCY:S->O            1   0.632   0.000  ALU_F/G10/Madd_p1_addsub0010_cy<6> (ALU_F/G10/Madd_p1_addsub0010_cy<6>)
     XORCY:CI->O           2   0.844   0.479  ALU_F/G10/Madd_p1_addsub0010_xor<7> (ALU_F/G10/p1_addsub0010<7>)
     LUT3:I2->O            0   0.648   0.000  ALU_F/G10/p1_mux0012<7>1 (ALU_F/G10/p1_mux0012<7>)
     MUXCY:DI->O           1   0.787   0.000  ALU_F/G10/Msub_p1_sub0013_cy<8> (ALU_F/G10/Msub_p1_sub0013_cy<8>)
     XORCY:CI->O           3   0.844   0.611  ALU_F/G10/Msub_p1_sub0013_xor<9> (ALU_F/G10/p1_sub0013<9>)
     LUT2:I1->O            1   0.643   0.000  ALU_F/G10/Madd_p1_addsub0012_lut<9> (ALU_F/G10/Madd_p1_addsub0012_lut<9>)
     MUXCY:S->O            1   0.632   0.000  ALU_F/G10/Madd_p1_addsub0012_cy<9> (ALU_F/G10/Madd_p1_addsub0012_cy<9>)
     XORCY:CI->O           2   0.844   0.479  ALU_F/G10/Madd_p1_addsub0012_xor<10> (ALU_F/G10/p1_addsub0012<10>)
     LUT3:I2->O            0   0.648   0.000  ALU_F/G10/p1_mux0013<10>1 (ALU_F/G10/p1_mux0013<10>)
     MUXCY:DI->O           1   0.787   0.000  ALU_F/G10/Msub_p1_sub0014_Madd_cy<11> (ALU_F/G10/Msub_p1_sub0014_Madd_cy<11>)
     XORCY:CI->O           3   0.844   0.611  ALU_F/G10/Msub_p1_sub0014_Madd_xor<12> (ALU_F/G10/p1_sub0014<12>)
     LUT2:I1->O            1   0.643   0.000  ALU_F/G10/Madd_p1_addsub0014_Madd_lut<12> (ALU_F/G10/Madd_p1_addsub0014_Madd_lut<12>)
     MUXCY:S->O            1   0.632   0.000  ALU_F/G10/Madd_p1_addsub0014_Madd_cy<12> (ALU_F/G10/Madd_p1_addsub0014_Madd_cy<12>)
     XORCY:CI->O           2   0.844   0.479  ALU_F/G10/Madd_p1_addsub0014_Madd_xor<13> (ALU_F/G10/p1_addsub0014<13>)
     LUT3:I2->O            0   0.648   0.000  ALU_F/G10/p1_mux0014<13>1 (ALU_F/G10/p1_mux0014<13>)
     MUXCY:DI->O           0   0.787   0.000  ALU_F/G10/Msub_p1_sub0015_Madd_cy<14> (ALU_F/G10/Msub_p1_sub0015_Madd_cy<14>)
     XORCY:CI->O           2   0.844   0.450  ALU_F/G10/Msub_p1_sub0015_Madd_xor<15> (ALU_F/G10/p1_sub0015<15>)
     LUT4:I3->O           15   0.648   0.000  BUS_F/out_q<0>307 (BUS_OUT<0>)
     FDCE:D                    0.252          reg_b_F/out_bus_0
    ----------------------------------------
    Total                     83.003ns (64.716ns logic, 18.287ns route)
                                       (78.0% logic, 22.0% route)

=========================================================================
Timing constraint: Default OFFSET OUT AFTER for Clock 'clk'
  Total number of paths / destination ports: 24 / 24
-------------------------------------------------------------------------
Offset:              5.558ns (Levels of Logic = 1)
  Source:            Port_A/a_7 (FF)
  Destination:       PORT_A_OUT<7> (PAD)
  Source Clock:      clk rising

  Data Path: Port_A/a_7 to PORT_A_OUT<7>
                                Gate     Net
    Cell:in->out      fanout   Delay   Delay  Logical Name (Net Name)
    ----------------------------------------  ------------
     FDE:C->Q              2   0.591   0.447  Port_A/a_7 (Port_A/a_7)
     OBUF:I->O                 4.520          PORT_A_OUT_7_OBUF (PORT_A_OUT<7>)
    ----------------------------------------
    Total                      5.558ns (5.111ns logic, 0.447ns route)
                                       (92.0% logic, 8.0% route)

=========================================================================


Total REAL time to Xst completion: 12.00 secs
Total CPU time to Xst completion: 12.32 secs
 
--> 

Total memory usage is 257424 kilobytes

Number of errors   :    0 (   0 filtered)
Number of warnings :   81 (   0 filtered)
Number of infos    :   10 (   0 filtered)

