EN xor_8 NULL "C:/Users/brj3mx/Desktop/Procesador 4 bits/ARM_Cortex_32_Bits/xor_8.vhd" sub00/vhpl10 1524345609
EN and_8 NULL "C:/Users/brj3mx/Desktop/Procesador 4 bits/ARM_Cortex_32_Bits/and_8.vhd" sub00/vhpl06 1524345605
AR phase_gen behavioral "C:/Users/brj3mx/Desktop/Procesador 4 bits/ARM_Cortex_32_Bits/phase_gen.vhd" sub00/vhpl53 1524345656
AR port_8 behavioral "C:/Users/brj3mx/Desktop/Procesador 4 bits/ARM_Cortex_32_Bits/port_8.vhd" sub00/vhpl59 1524345662
EN pc_module NULL "C:/Users/brj3mx/Desktop/Procesador 4 bits/ARM_Cortex_32_Bits/PC_MODULE.vhd" sub00/vhpl60 1524345663
AR data_bus behavioral "C:/Users/brj3mx/Desktop/Procesador 4 bits/ARM_Cortex_32_Bits/Bus.vhd" sub00/vhpl75 1524345676
AR shift_l behavioral "C:/Users/brj3mx/Desktop/Procesador 4 bits/ARM_Cortex_32_Bits/shift_l.vhd" sub00/vhpl17 1524345616
EN stkptr NULL "C:/Users/brj3mx/Desktop/Procesador 4 bits/ARM_Cortex_32_Bits/stkptr.vhd" sub00/vhpl64 1524345667
EN restador NULL "C:/Users/brj3mx/Desktop/Procesador 4 bits/ARM_Cortex_32_Bits/restador.vhd" sub00/vhpl26 1524345625
AR program_memory behavioral "C:/Users/brj3mx/Desktop/Procesador 4 bits/ARM_Cortex_32_Bits/Program_Memory.vhd" sub00/vhpl67 1524345670
AR port_4 behavioral "C:/Users/brj3mx/Desktop/Procesador 4 bits/ARM_Cortex_32_Bits/port_4.vhd" sub00/vhpl55 1524345658
AR portb_4 behavioral "C:/Users/brj3mx/Desktop/Procesador 4 bits/ARM_Cortex_32_Bits/portb_4.vhd" sub00/vhpl57 1524345660
AR div behavioral "C:/Users/brj3mx/Desktop/Procesador 4 bits/ARM_Cortex_32_Bits/DIV.vhd" sub00/vhpl25 1524345624
AR reg_b behavioral "C:/Users/brj3mx/Desktop/Procesador 4 bits/ARM_Cortex_32_Bits/reg_b.vhd" sub00/vhpl73 1524345648
AR inst_reg behavioral "C:/Users/brj3mx/Desktop/Procesador 4 bits/ARM_Cortex_32_Bits/inst_reg.vhd" sub00/vhpl31 1524345630
EN mux_mar NULL "C:/Users/brj3mx/Desktop/Procesador 4 bits/ARM_Cortex_32_Bits/Mux_MAR.vhd" sub00/vhpl44 1524345643
PB arith_plus arith_plus "C:/Users/brj3mx/Desktop/Procesador 4 bits/ARM_Cortex_32_Bits/ARITH_PLUS.vhd" sub00/vhpl05 1524345604
EN div NULL "C:/Users/brj3mx/Desktop/Procesador 4 bits/ARM_Cortex_32_Bits/DIV.vhd" sub00/vhpl24 1524345623
EN mux_mbr NULL "C:/Users/brj3mx/Desktop/Procesador 4 bits/ARM_Cortex_32_Bits/Mux_MBR.vhd" sub00/vhpl40 1524345639
EN mar_mod NULL "C:/Users/brj3mx/Desktop/Procesador 4 bits/ARM_Cortex_32_Bits/MAR.vhd" sub00/vhpl42 1524345641
EN program_counter NULL "C:/Users/brj3mx/Desktop/Procesador 4 bits/ARM_Cortex_32_Bits/program_counter.vhd" sub00/vhpl46 1524345645
EN shift_l NULL "C:/Users/brj3mx/Desktop/Procesador 4 bits/ARM_Cortex_32_Bits/shift_l.vhd" sub00/vhpl16 1524345615
AR not_8 behavioral "C:/Users/brj3mx/Desktop/Procesador 4 bits/ARM_Cortex_32_Bits/not_8.vhd" sub00/vhpl13 1524345612
EN oc_reg NULL "C:/Users/brj3mx/Desktop/Procesador 4 bits/ARM_Cortex_32_Bits/oc_reg.vhd" sub00/vhpl34 1524345633
EN shift_r NULL "C:/Users/brj3mx/Desktop/Procesador 4 bits/ARM_Cortex_32_Bits/shift_r.vhd" sub00/vhpl18 1524345617
AR rom_mod behavioral "C:/Users/brj3mx/Desktop/Procesador 4 bits/ARM_Cortex_32_Bits/rom_mod.vhd" sub00/vhpl29 1524345628
AR procesador_4_bits behavioral "C:/Users/brj3mx/Desktop/Procesador 4 bits/ARM_Cortex_32_Bits/Procesador_4_bits.vhd" sub00/vhpl77 1523754024
AR mux_mar behavioral "C:/Users/brj3mx/Desktop/Procesador 4 bits/ARM_Cortex_32_Bits/Mux_MAR.vhd" sub00/vhpl45 1524345644
EN portb_4 NULL "C:/Users/brj3mx/Desktop/Procesador 4 bits/ARM_Cortex_32_Bits/portb_4.vhd" sub00/vhpl56 1524345659
AR uinst behavioral "C:/Users/brj3mx/Desktop/Procesador 4 bits/ARM_Cortex_32_Bits/uInst.vhd" sub00/vhpl49 1524345652
EN or_8 NULL "C:/Users/brj3mx/Desktop/Procesador 4 bits/ARM_Cortex_32_Bits/or_8.vhd" sub00/vhpl08 1524345607
AR or_8 behavioral "C:/Users/brj3mx/Desktop/Procesador 4 bits/ARM_Cortex_32_Bits/or_8.vhd" sub00/vhpl09 1524345608
EN spw NULL "C:/Users/brj3mx/Desktop/Procesador 4 bits/ARM_Cortex_32_Bits/SPW.vhd" sub00/vhpl50 1524345653
EN registerbank NULL "C:/Users/brj3mx/Desktop/Procesador 4 bits/ARM_Cortex_32_Bits/RegisterBank.vhd" sub00/vhpl81 1524345649
EN sub NULL "C:/Users/brj3mx/Desktop/Procesador 4 bits/ARM_Cortex_32_Bits/sub.vhd" sub00/vhpl00 1524345599
AR stkptr behavioral "C:/Users/brj3mx/Desktop/Procesador 4 bits/ARM_Cortex_32_Bits/stkptr.vhd" sub00/vhpl65 1524345668
PH arith_plus NULL "C:/Users/brj3mx/Desktop/Procesador 4 bits/ARM_Cortex_32_Bits/ARITH_PLUS.vhd" sub00/vhpl04 1524345603
AR mul behavioral "C:/Users/brj3mx/Desktop/Procesador 4 bits/ARM_Cortex_32_Bits/MUL_DIV.vhd" sub00/vhpl23 1524345622
EN data_bus NULL "C:/Users/brj3mx/Desktop/Procesador 4 bits/ARM_Cortex_32_Bits/Bus.vhd" sub00/vhpl74 1524345675
EN mbr_mod NULL "C:/Users/brj3mx/Desktop/Procesador 4 bits/ARM_Cortex_32_Bits/MBR.vhd" sub00/vhpl38 1524345637
AR oc_reg behavioral "C:/Users/brj3mx/Desktop/Procesador 4 bits/ARM_Cortex_32_Bits/oc_reg.vhd" sub00/vhpl35 1524345634
EN sum NULL "C:/Users/brj3mx/Desktop/Procesador 4 bits/ARM_Cortex_32_Bits/SUM.vhd" sub00/vhpl14 1524345613
AR xor_8 behavioral "C:/Users/brj3mx/Desktop/Procesador 4 bits/ARM_Cortex_32_Bits/xor_8.vhd" sub00/vhpl11 1524345610
EN port_4 NULL "C:/Users/brj3mx/Desktop/Procesador 4 bits/ARM_Cortex_32_Bits/port_4.vhd" sub00/vhpl54 1524345657
EN phase_gen NULL "C:/Users/brj3mx/Desktop/Procesador 4 bits/ARM_Cortex_32_Bits/phase_gen.vhd" sub00/vhpl52 1524345655
EN port_8 NULL "C:/Users/brj3mx/Desktop/Procesador 4 bits/ARM_Cortex_32_Bits/port_8.vhd" sub00/vhpl58 1524345661
AR pc_module behavioral "C:/Users/brj3mx/Desktop/Procesador 4 bits/ARM_Cortex_32_Bits/PC_MODULE.vhd" sub00/vhpl61 1524345664
EN rom_mod NULL "C:/Users/brj3mx/Desktop/Procesador 4 bits/ARM_Cortex_32_Bits/rom_mod.vhd" sub00/vhpl28 1524345627
EN dir_reg NULL "C:/Users/brj3mx/Desktop/Procesador 4 bits/ARM_Cortex_32_Bits/dir_reg.vhd" sub00/vhpl32 1524345631
AR and_8 behavioral "C:/Users/brj3mx/Desktop/Procesador 4 bits/ARM_Cortex_32_Bits/and_8.vhd" sub00/vhpl07 1524345606
AR swap behavioral "C:/Users/brj3mx/Desktop/Procesador 4 bits/ARM_Cortex_32_Bits/swap.vhd" sub00/vhpl21 1524345620
AR dir_reg behavioral "C:/Users/brj3mx/Desktop/Procesador 4 bits/ARM_Cortex_32_Bits/dir_reg.vhd" sub00/vhpl33 1524345632
EN program_memory NULL "C:/Users/brj3mx/Desktop/Procesador 4 bits/ARM_Cortex_32_Bits/Program_Memory.vhd" sub00/vhpl66 1524345669
AR mux_mbr behavioral "C:/Users/brj3mx/Desktop/Procesador 4 bits/ARM_Cortex_32_Bits/Mux_MBR.vhd" sub00/vhpl41 1524345640
AR mar_mod behavioral "C:/Users/brj3mx/Desktop/Procesador 4 bits/ARM_Cortex_32_Bits/MAR.vhd" sub00/vhpl43 1524345642
EN mul NULL "C:/Users/brj3mx/Desktop/Procesador 4 bits/ARM_Cortex_32_Bits/MUL_DIV.vhd" sub00/vhpl22 1524345621
EN uinst NULL "C:/Users/brj3mx/Desktop/Procesador 4 bits/ARM_Cortex_32_Bits/uInst.vhd" sub00/vhpl48 1524345651
EN sub_deco NULL "C:/Users/brj3mx/Desktop/Procesador 4 bits/ARM_Cortex_32_Bits/sub_deco.vhd" sub00/vhpl02 1524345601
AR sub behavioral "C:/Users/brj3mx/Desktop/Procesador 4 bits/ARM_Cortex_32_Bits/sub.vhd" sub00/vhpl01 1524345600
AR procesador_32_bits behavioral "C:/Users/brj3mx/Desktop/Procesador 4 bits/ARM_Cortex_32_Bits/Procesador_32_bits.vhd" sub00/vhpl80 1524345678
AR restador behavioral "C:/Users/brj3mx/Desktop/Procesador 4 bits/ARM_Cortex_32_Bits/restador.vhd" sub00/vhpl27 1524345626
AR alu behavioral "C:/Users/brj3mx/Desktop/Procesador 4 bits/ARM_Cortex_32_Bits/alu.vhd" sub00/vhpl69 1524345672
AR ram_mod behavioral "C:/Users/brj3mx/Desktop/Procesador 4 bits/ARM_Cortex_32_Bits/ram_mod.vhd" sub00/vhpl37 1524345636
AR reg_a behavioral "C:/Users/brj3mx/Desktop/Procesador 4 bits/ARM_Cortex_32_Bits/reg_a.vhd" sub00/vhpl71 1524345674
AR sub_deco behavioral "C:/Users/brj3mx/Desktop/Procesador 4 bits/ARM_Cortex_32_Bits/sub_deco.vhd" sub00/vhpl03 1524345602
EN ram_memory NULL "C:/Users/brj3mx/Desktop/Procesador 4 bits/ARM_Cortex_32_Bits/RAM_Memory.vhd" sub00/vhpl62 1524345665
AR registerbank behavioral "C:/Users/brj3mx/Desktop/Procesador 4 bits/ARM_Cortex_32_Bits/RegisterBank.vhd" sub00/vhpl82 1524345650
EN inst_reg NULL "C:/Users/brj3mx/Desktop/Procesador 4 bits/ARM_Cortex_32_Bits/inst_reg.vhd" sub00/vhpl30 1524345629
AR program_counter behavioral "C:/Users/brj3mx/Desktop/Procesador 4 bits/ARM_Cortex_32_Bits/program_counter.vhd" sub00/vhpl47 1524345646
AR ram_memory behavioral "C:/Users/brj3mx/Desktop/Procesador 4 bits/ARM_Cortex_32_Bits/RAM_Memory.vhd" sub00/vhpl63 1524345666
EN procesador_32_bits NULL "C:/Users/brj3mx/Desktop/Procesador 4 bits/ARM_Cortex_32_Bits/Procesador_32_bits.vhd" sub00/vhpl79 1524345677
AR sum behavioral "C:/Users/brj3mx/Desktop/Procesador 4 bits/ARM_Cortex_32_Bits/SUM.vhd" sub00/vhpl15 1524345614
AR spw behavioral "C:/Users/brj3mx/Desktop/Procesador 4 bits/ARM_Cortex_32_Bits/SPW.vhd" sub00/vhpl51 1524345654
EN not_8 NULL "C:/Users/brj3mx/Desktop/Procesador 4 bits/ARM_Cortex_32_Bits/not_8.vhd" sub00/vhpl12 1524345611
AR shift_r behavioral "C:/Users/brj3mx/Desktop/Procesador 4 bits/ARM_Cortex_32_Bits/shift_r.vhd" sub00/vhpl19 1524345618
EN ram_mod NULL "C:/Users/brj3mx/Desktop/Procesador 4 bits/ARM_Cortex_32_Bits/ram_mod.vhd" sub00/vhpl36 1524345635
EN reg_a NULL "C:/Users/brj3mx/Desktop/Procesador 4 bits/ARM_Cortex_32_Bits/reg_a.vhd" sub00/vhpl70 1524345673
EN reg_b NULL "C:/Users/brj3mx/Desktop/Procesador 4 bits/ARM_Cortex_32_Bits/reg_b.vhd" sub00/vhpl72 1524345647
EN procesador_final_tb NULL "C:/Users/brj3mx/Desktop/Procesador 4 bits/ARM_Cortex_32_Bits/Procesador_Final_TB.vhd" sub00/vhpl78 1523753961
EN procesador_4_bits NULL "C:/Users/brj3mx/Desktop/Procesador 4 bits/ARM_Cortex_32_Bits/Procesador_4_bits.vhd" sub00/vhpl76 1523754023
AR mbr_mod behavioral "C:/Users/brj3mx/Desktop/Procesador 4 bits/ARM_Cortex_32_Bits/MBR.vhd" sub00/vhpl39 1524345638
EN alu NULL "C:/Users/brj3mx/Desktop/Procesador 4 bits/ARM_Cortex_32_Bits/alu.vhd" sub00/vhpl68 1524345671
EN swap NULL "C:/Users/brj3mx/Desktop/Procesador 4 bits/ARM_Cortex_32_Bits/swap.vhd" sub00/vhpl20 1524345619
