EN xor_8 NULL "C:/Users/brj3mx/Desktop/Procesador 4 bits/ARM_Cortex_32_Bits/xor_8.vhd" sub00/vhpl10 1523897988
EN and_8 NULL "C:/Users/brj3mx/Desktop/Procesador 4 bits/ARM_Cortex_32_Bits/and_8.vhd" sub00/vhpl06 1523897984
AR phase_gen behavioral "C:/Users/brj3mx/Desktop/Procesador 4 bits/ARM_Cortex_32_Bits/phase_gen.vhd" sub00/vhpl53 1523898031
AR port_8 behavioral "C:/Users/brj3mx/Desktop/Procesador 4 bits/ARM_Cortex_32_Bits/port_8.vhd" sub00/vhpl59 1523898037
EN pc_module NULL "C:/Users/brj3mx/Desktop/Procesador 4 bits/ARM_Cortex_32_Bits/PC_MODULE.vhd" sub00/vhpl60 1523898038
AR data_bus behavioral "C:/Users/brj3mx/Desktop/Procesador 4 bits/ARM_Cortex_32_Bits/Bus.vhd" sub00/vhpl75 1523898053
AR shift_l behavioral "C:/Users/brj3mx/Desktop/Procesador 4 bits/ARM_Cortex_32_Bits/shift_l.vhd" sub00/vhpl17 1523897995
EN stkptr NULL "C:/Users/brj3mx/Desktop/Procesador 4 bits/ARM_Cortex_32_Bits/stkptr.vhd" sub00/vhpl64 1523898042
EN restador NULL "C:/Users/brj3mx/Desktop/Procesador 4 bits/ARM_Cortex_32_Bits/restador.vhd" sub00/vhpl26 1523898004
AR program_memory behavioral "C:/Users/brj3mx/Desktop/Procesador 4 bits/ARM_Cortex_32_Bits/Program_Memory.vhd" sub00/vhpl67 1523898045
AR port_4 behavioral "C:/Users/brj3mx/Desktop/Procesador 4 bits/ARM_Cortex_32_Bits/port_4.vhd" sub00/vhpl55 1523898033
AR portb_4 behavioral "C:/Users/brj3mx/Desktop/Procesador 4 bits/ARM_Cortex_32_Bits/portb_4.vhd" sub00/vhpl57 1523898035
AR div behavioral "C:/Users/brj3mx/Desktop/Procesador 4 bits/ARM_Cortex_32_Bits/DIV.vhd" sub00/vhpl25 1523898003
AR reg_b behavioral "C:/Users/brj3mx/Desktop/Procesador 4 bits/ARM_Cortex_32_Bits/reg_b.vhd" sub00/vhpl73 1523898051
AR inst_reg behavioral "C:/Users/brj3mx/Desktop/Procesador 4 bits/ARM_Cortex_32_Bits/inst_reg.vhd" sub00/vhpl31 1523898009
EN mux_mar NULL "C:/Users/brj3mx/Desktop/Procesador 4 bits/ARM_Cortex_32_Bits/Mux_MAR.vhd" sub00/vhpl44 1523898022
PB arith_plus arith_plus "C:/Users/brj3mx/Desktop/Procesador 4 bits/ARM_Cortex_32_Bits/ARITH_PLUS.vhd" sub00/vhpl05 1523897983
EN div NULL "C:/Users/brj3mx/Desktop/Procesador 4 bits/ARM_Cortex_32_Bits/DIV.vhd" sub00/vhpl24 1523898002
EN mux_mbr NULL "C:/Users/brj3mx/Desktop/Procesador 4 bits/ARM_Cortex_32_Bits/Mux_MBR.vhd" sub00/vhpl40 1523898018
EN program_counter NULL "C:/Users/brj3mx/Desktop/Procesador 4 bits/ARM_Cortex_32_Bits/program_counter.vhd" sub00/vhpl46 1523898024
EN mar_mod NULL "C:/Users/brj3mx/Desktop/Procesador 4 bits/ARM_Cortex_32_Bits/MAR.vhd" sub00/vhpl42 1523898020
EN shift_l NULL "C:/Users/brj3mx/Desktop/Procesador 4 bits/ARM_Cortex_32_Bits/shift_l.vhd" sub00/vhpl16 1523897994
AR not_8 behavioral "C:/Users/brj3mx/Desktop/Procesador 4 bits/ARM_Cortex_32_Bits/not_8.vhd" sub00/vhpl13 1523897991
EN oc_reg NULL "C:/Users/brj3mx/Desktop/Procesador 4 bits/ARM_Cortex_32_Bits/oc_reg.vhd" sub00/vhpl34 1523898012
EN shift_r NULL "C:/Users/brj3mx/Desktop/Procesador 4 bits/ARM_Cortex_32_Bits/shift_r.vhd" sub00/vhpl18 1523897996
AR rom_mod behavioral "C:/Users/brj3mx/Desktop/Procesador 4 bits/ARM_Cortex_32_Bits/rom_mod.vhd" sub00/vhpl29 1523898007
AR procesador_4_bits behavioral "C:/Users/brj3mx/Desktop/Procesador 4 bits/ARM_Cortex_32_Bits/Procesador_4_bits.vhd" sub00/vhpl77 1523754024
AR mux_mar behavioral "C:/Users/brj3mx/Desktop/Procesador 4 bits/ARM_Cortex_32_Bits/Mux_MAR.vhd" sub00/vhpl45 1523898023
EN portb_4 NULL "C:/Users/brj3mx/Desktop/Procesador 4 bits/ARM_Cortex_32_Bits/portb_4.vhd" sub00/vhpl56 1523898034
AR uinst behavioral "C:/Users/brj3mx/Desktop/Procesador 4 bits/ARM_Cortex_32_Bits/uInst.vhd" sub00/vhpl49 1523898027
EN or_8 NULL "C:/Users/brj3mx/Desktop/Procesador 4 bits/ARM_Cortex_32_Bits/or_8.vhd" sub00/vhpl08 1523897986
AR or_8 behavioral "C:/Users/brj3mx/Desktop/Procesador 4 bits/ARM_Cortex_32_Bits/or_8.vhd" sub00/vhpl09 1523897987
EN spw NULL "C:/Users/brj3mx/Desktop/Procesador 4 bits/ARM_Cortex_32_Bits/SPW.vhd" sub00/vhpl50 1523898028
EN sub NULL "C:/Users/brj3mx/Desktop/Procesador 4 bits/ARM_Cortex_32_Bits/sub.vhd" sub00/vhpl00 1523897978
AR stkptr behavioral "C:/Users/brj3mx/Desktop/Procesador 4 bits/ARM_Cortex_32_Bits/stkptr.vhd" sub00/vhpl65 1523898043
PH arith_plus NULL "C:/Users/brj3mx/Desktop/Procesador 4 bits/ARM_Cortex_32_Bits/ARITH_PLUS.vhd" sub00/vhpl04 1523897982
AR mul behavioral "C:/Users/brj3mx/Desktop/Procesador 4 bits/ARM_Cortex_32_Bits/MUL_DIV.vhd" sub00/vhpl23 1523898001
EN data_bus NULL "C:/Users/brj3mx/Desktop/Procesador 4 bits/ARM_Cortex_32_Bits/Bus.vhd" sub00/vhpl74 1523898052
EN mbr_mod NULL "C:/Users/brj3mx/Desktop/Procesador 4 bits/ARM_Cortex_32_Bits/MBR.vhd" sub00/vhpl38 1523898016
AR oc_reg behavioral "C:/Users/brj3mx/Desktop/Procesador 4 bits/ARM_Cortex_32_Bits/oc_reg.vhd" sub00/vhpl35 1523898013
EN sum NULL "C:/Users/brj3mx/Desktop/Procesador 4 bits/ARM_Cortex_32_Bits/SUM.vhd" sub00/vhpl14 1523897992
AR xor_8 behavioral "C:/Users/brj3mx/Desktop/Procesador 4 bits/ARM_Cortex_32_Bits/xor_8.vhd" sub00/vhpl11 1523897989
EN port_4 NULL "C:/Users/brj3mx/Desktop/Procesador 4 bits/ARM_Cortex_32_Bits/port_4.vhd" sub00/vhpl54 1523898032
EN phase_gen NULL "C:/Users/brj3mx/Desktop/Procesador 4 bits/ARM_Cortex_32_Bits/phase_gen.vhd" sub00/vhpl52 1523898030
EN port_8 NULL "C:/Users/brj3mx/Desktop/Procesador 4 bits/ARM_Cortex_32_Bits/port_8.vhd" sub00/vhpl58 1523898036
AR pc_module behavioral "C:/Users/brj3mx/Desktop/Procesador 4 bits/ARM_Cortex_32_Bits/PC_MODULE.vhd" sub00/vhpl61 1523898039
EN rom_mod NULL "C:/Users/brj3mx/Desktop/Procesador 4 bits/ARM_Cortex_32_Bits/rom_mod.vhd" sub00/vhpl28 1523898006
EN dir_reg NULL "C:/Users/brj3mx/Desktop/Procesador 4 bits/ARM_Cortex_32_Bits/dir_reg.vhd" sub00/vhpl32 1523898010
AR and_8 behavioral "C:/Users/brj3mx/Desktop/Procesador 4 bits/ARM_Cortex_32_Bits/and_8.vhd" sub00/vhpl07 1523897985
AR swap behavioral "C:/Users/brj3mx/Desktop/Procesador 4 bits/ARM_Cortex_32_Bits/swap.vhd" sub00/vhpl21 1523897999
AR dir_reg behavioral "C:/Users/brj3mx/Desktop/Procesador 4 bits/ARM_Cortex_32_Bits/dir_reg.vhd" sub00/vhpl33 1523898011
EN program_memory NULL "C:/Users/brj3mx/Desktop/Procesador 4 bits/ARM_Cortex_32_Bits/Program_Memory.vhd" sub00/vhpl66 1523898044
AR mux_mbr behavioral "C:/Users/brj3mx/Desktop/Procesador 4 bits/ARM_Cortex_32_Bits/Mux_MBR.vhd" sub00/vhpl41 1523898019
AR mar_mod behavioral "C:/Users/brj3mx/Desktop/Procesador 4 bits/ARM_Cortex_32_Bits/MAR.vhd" sub00/vhpl43 1523898021
EN mul NULL "C:/Users/brj3mx/Desktop/Procesador 4 bits/ARM_Cortex_32_Bits/MUL_DIV.vhd" sub00/vhpl22 1523898000
EN uinst NULL "C:/Users/brj3mx/Desktop/Procesador 4 bits/ARM_Cortex_32_Bits/uInst.vhd" sub00/vhpl48 1523898026
EN sub_deco NULL "C:/Users/brj3mx/Desktop/Procesador 4 bits/ARM_Cortex_32_Bits/sub_deco.vhd" sub00/vhpl02 1523897980
AR sub behavioral "C:/Users/brj3mx/Desktop/Procesador 4 bits/ARM_Cortex_32_Bits/sub.vhd" sub00/vhpl01 1523897979
AR procesador_32_bits behavioral "C:/Users/brj3mx/Desktop/Procesador 4 bits/ARM_Cortex_32_Bits/Procesador_32_bits.vhd" sub00/vhpl80 1523898055
AR restador behavioral "C:/Users/brj3mx/Desktop/Procesador 4 bits/ARM_Cortex_32_Bits/restador.vhd" sub00/vhpl27 1523898005
AR alu behavioral "C:/Users/brj3mx/Desktop/Procesador 4 bits/ARM_Cortex_32_Bits/alu.vhd" sub00/vhpl69 1523898047
AR ram_mod behavioral "C:/Users/brj3mx/Desktop/Procesador 4 bits/ARM_Cortex_32_Bits/ram_mod.vhd" sub00/vhpl37 1523898015
AR reg_a behavioral "C:/Users/brj3mx/Desktop/Procesador 4 bits/ARM_Cortex_32_Bits/reg_a.vhd" sub00/vhpl71 1523898049
AR sub_deco behavioral "C:/Users/brj3mx/Desktop/Procesador 4 bits/ARM_Cortex_32_Bits/sub_deco.vhd" sub00/vhpl03 1523897981
EN ram_memory NULL "C:/Users/brj3mx/Desktop/Procesador 4 bits/ARM_Cortex_32_Bits/RAM_Memory.vhd" sub00/vhpl62 1523898040
EN inst_reg NULL "C:/Users/brj3mx/Desktop/Procesador 4 bits/ARM_Cortex_32_Bits/inst_reg.vhd" sub00/vhpl30 1523898008
AR program_counter behavioral "C:/Users/brj3mx/Desktop/Procesador 4 bits/ARM_Cortex_32_Bits/program_counter.vhd" sub00/vhpl47 1523898025
AR ram_memory behavioral "C:/Users/brj3mx/Desktop/Procesador 4 bits/ARM_Cortex_32_Bits/RAM_Memory.vhd" sub00/vhpl63 1523898041
EN procesador_32_bits NULL "C:/Users/brj3mx/Desktop/Procesador 4 bits/ARM_Cortex_32_Bits/Procesador_32_bits.vhd" sub00/vhpl79 1523898054
AR sum behavioral "C:/Users/brj3mx/Desktop/Procesador 4 bits/ARM_Cortex_32_Bits/SUM.vhd" sub00/vhpl15 1523897993
AR spw behavioral "C:/Users/brj3mx/Desktop/Procesador 4 bits/ARM_Cortex_32_Bits/SPW.vhd" sub00/vhpl51 1523898029
EN not_8 NULL "C:/Users/brj3mx/Desktop/Procesador 4 bits/ARM_Cortex_32_Bits/not_8.vhd" sub00/vhpl12 1523897990
AR shift_r behavioral "C:/Users/brj3mx/Desktop/Procesador 4 bits/ARM_Cortex_32_Bits/shift_r.vhd" sub00/vhpl19 1523897997
EN ram_mod NULL "C:/Users/brj3mx/Desktop/Procesador 4 bits/ARM_Cortex_32_Bits/ram_mod.vhd" sub00/vhpl36 1523898014
EN reg_a NULL "C:/Users/brj3mx/Desktop/Procesador 4 bits/ARM_Cortex_32_Bits/reg_a.vhd" sub00/vhpl70 1523898048
EN reg_b NULL "C:/Users/brj3mx/Desktop/Procesador 4 bits/ARM_Cortex_32_Bits/reg_b.vhd" sub00/vhpl72 1523898050
EN procesador_final_tb NULL "C:/Users/brj3mx/Desktop/Procesador 4 bits/ARM_Cortex_32_Bits/Procesador_Final_TB.vhd" sub00/vhpl78 1523753961
EN procesador_4_bits NULL "C:/Users/brj3mx/Desktop/Procesador 4 bits/ARM_Cortex_32_Bits/Procesador_4_bits.vhd" sub00/vhpl76 1523754023
AR mbr_mod behavioral "C:/Users/brj3mx/Desktop/Procesador 4 bits/ARM_Cortex_32_Bits/MBR.vhd" sub00/vhpl39 1523898017
EN alu NULL "C:/Users/brj3mx/Desktop/Procesador 4 bits/ARM_Cortex_32_Bits/alu.vhd" sub00/vhpl68 1523898046
EN swap NULL "C:/Users/brj3mx/Desktop/Procesador 4 bits/ARM_Cortex_32_Bits/swap.vhd" sub00/vhpl20 1523897998
