EN xor_8 NULL "C:/Users/brj3mx/Desktop/Procesador 4 bits/ARM_Cortex_32_Bits/xor_8.vhd" sub00/vhpl10 1523999858
EN and_8 NULL "C:/Users/brj3mx/Desktop/Procesador 4 bits/ARM_Cortex_32_Bits/and_8.vhd" sub00/vhpl06 1523999854
AR phase_gen behavioral "C:/Users/brj3mx/Desktop/Procesador 4 bits/ARM_Cortex_32_Bits/phase_gen.vhd" sub00/vhpl53 1523999901
AR port_8 behavioral "C:/Users/brj3mx/Desktop/Procesador 4 bits/ARM_Cortex_32_Bits/port_8.vhd" sub00/vhpl59 1523999907
EN pc_module NULL "C:/Users/brj3mx/Desktop/Procesador 4 bits/ARM_Cortex_32_Bits/PC_MODULE.vhd" sub00/vhpl60 1523999908
AR data_bus behavioral "C:/Users/brj3mx/Desktop/Procesador 4 bits/ARM_Cortex_32_Bits/Bus.vhd" sub00/vhpl75 1523999923
AR shift_l behavioral "C:/Users/brj3mx/Desktop/Procesador 4 bits/ARM_Cortex_32_Bits/shift_l.vhd" sub00/vhpl17 1523999865
EN stkptr NULL "C:/Users/brj3mx/Desktop/Procesador 4 bits/ARM_Cortex_32_Bits/stkptr.vhd" sub00/vhpl64 1523999912
EN restador NULL "C:/Users/brj3mx/Desktop/Procesador 4 bits/ARM_Cortex_32_Bits/restador.vhd" sub00/vhpl26 1523999874
AR program_memory behavioral "C:/Users/brj3mx/Desktop/Procesador 4 bits/ARM_Cortex_32_Bits/Program_Memory.vhd" sub00/vhpl67 1523999915
AR port_4 behavioral "C:/Users/brj3mx/Desktop/Procesador 4 bits/ARM_Cortex_32_Bits/port_4.vhd" sub00/vhpl55 1523999903
AR portb_4 behavioral "C:/Users/brj3mx/Desktop/Procesador 4 bits/ARM_Cortex_32_Bits/portb_4.vhd" sub00/vhpl57 1523999905
AR div behavioral "C:/Users/brj3mx/Desktop/Procesador 4 bits/ARM_Cortex_32_Bits/DIV.vhd" sub00/vhpl25 1523999873
AR reg_b behavioral "C:/Users/brj3mx/Desktop/Procesador 4 bits/ARM_Cortex_32_Bits/reg_b.vhd" sub00/vhpl73 1523999921
AR inst_reg behavioral "C:/Users/brj3mx/Desktop/Procesador 4 bits/ARM_Cortex_32_Bits/inst_reg.vhd" sub00/vhpl31 1523999879
EN mux_mar NULL "C:/Users/brj3mx/Desktop/Procesador 4 bits/ARM_Cortex_32_Bits/Mux_MAR.vhd" sub00/vhpl44 1523999892
PB arith_plus arith_plus "C:/Users/brj3mx/Desktop/Procesador 4 bits/ARM_Cortex_32_Bits/ARITH_PLUS.vhd" sub00/vhpl05 1523999853
EN div NULL "C:/Users/brj3mx/Desktop/Procesador 4 bits/ARM_Cortex_32_Bits/DIV.vhd" sub00/vhpl24 1523999872
EN mux_mbr NULL "C:/Users/brj3mx/Desktop/Procesador 4 bits/ARM_Cortex_32_Bits/Mux_MBR.vhd" sub00/vhpl40 1523999888
EN mar_mod NULL "C:/Users/brj3mx/Desktop/Procesador 4 bits/ARM_Cortex_32_Bits/MAR.vhd" sub00/vhpl42 1523999890
EN program_counter NULL "C:/Users/brj3mx/Desktop/Procesador 4 bits/ARM_Cortex_32_Bits/program_counter.vhd" sub00/vhpl46 1523999894
EN shift_l NULL "C:/Users/brj3mx/Desktop/Procesador 4 bits/ARM_Cortex_32_Bits/shift_l.vhd" sub00/vhpl16 1523999864
AR not_8 behavioral "C:/Users/brj3mx/Desktop/Procesador 4 bits/ARM_Cortex_32_Bits/not_8.vhd" sub00/vhpl13 1523999861
EN oc_reg NULL "C:/Users/brj3mx/Desktop/Procesador 4 bits/ARM_Cortex_32_Bits/oc_reg.vhd" sub00/vhpl34 1523999882
EN shift_r NULL "C:/Users/brj3mx/Desktop/Procesador 4 bits/ARM_Cortex_32_Bits/shift_r.vhd" sub00/vhpl18 1523999866
AR rom_mod behavioral "C:/Users/brj3mx/Desktop/Procesador 4 bits/ARM_Cortex_32_Bits/rom_mod.vhd" sub00/vhpl29 1523999877
AR procesador_4_bits behavioral "C:/Users/brj3mx/Desktop/Procesador 4 bits/ARM_Cortex_32_Bits/Procesador_4_bits.vhd" sub00/vhpl77 1523754024
AR mux_mar behavioral "C:/Users/brj3mx/Desktop/Procesador 4 bits/ARM_Cortex_32_Bits/Mux_MAR.vhd" sub00/vhpl45 1523999893
EN portb_4 NULL "C:/Users/brj3mx/Desktop/Procesador 4 bits/ARM_Cortex_32_Bits/portb_4.vhd" sub00/vhpl56 1523999904
AR uinst behavioral "C:/Users/brj3mx/Desktop/Procesador 4 bits/ARM_Cortex_32_Bits/uInst.vhd" sub00/vhpl49 1523999897
EN or_8 NULL "C:/Users/brj3mx/Desktop/Procesador 4 bits/ARM_Cortex_32_Bits/or_8.vhd" sub00/vhpl08 1523999856
AR or_8 behavioral "C:/Users/brj3mx/Desktop/Procesador 4 bits/ARM_Cortex_32_Bits/or_8.vhd" sub00/vhpl09 1523999857
EN spw NULL "C:/Users/brj3mx/Desktop/Procesador 4 bits/ARM_Cortex_32_Bits/SPW.vhd" sub00/vhpl50 1523999898
EN sub NULL "C:/Users/brj3mx/Desktop/Procesador 4 bits/ARM_Cortex_32_Bits/sub.vhd" sub00/vhpl00 1523999848
AR stkptr behavioral "C:/Users/brj3mx/Desktop/Procesador 4 bits/ARM_Cortex_32_Bits/stkptr.vhd" sub00/vhpl65 1523999913
PH arith_plus NULL "C:/Users/brj3mx/Desktop/Procesador 4 bits/ARM_Cortex_32_Bits/ARITH_PLUS.vhd" sub00/vhpl04 1523999852
AR mul behavioral "C:/Users/brj3mx/Desktop/Procesador 4 bits/ARM_Cortex_32_Bits/MUL_DIV.vhd" sub00/vhpl23 1523999871
EN data_bus NULL "C:/Users/brj3mx/Desktop/Procesador 4 bits/ARM_Cortex_32_Bits/Bus.vhd" sub00/vhpl74 1523999922
EN mbr_mod NULL "C:/Users/brj3mx/Desktop/Procesador 4 bits/ARM_Cortex_32_Bits/MBR.vhd" sub00/vhpl38 1523999886
AR oc_reg behavioral "C:/Users/brj3mx/Desktop/Procesador 4 bits/ARM_Cortex_32_Bits/oc_reg.vhd" sub00/vhpl35 1523999883
EN sum NULL "C:/Users/brj3mx/Desktop/Procesador 4 bits/ARM_Cortex_32_Bits/SUM.vhd" sub00/vhpl14 1523999862
AR xor_8 behavioral "C:/Users/brj3mx/Desktop/Procesador 4 bits/ARM_Cortex_32_Bits/xor_8.vhd" sub00/vhpl11 1523999859
EN port_4 NULL "C:/Users/brj3mx/Desktop/Procesador 4 bits/ARM_Cortex_32_Bits/port_4.vhd" sub00/vhpl54 1523999902
EN phase_gen NULL "C:/Users/brj3mx/Desktop/Procesador 4 bits/ARM_Cortex_32_Bits/phase_gen.vhd" sub00/vhpl52 1523999900
EN port_8 NULL "C:/Users/brj3mx/Desktop/Procesador 4 bits/ARM_Cortex_32_Bits/port_8.vhd" sub00/vhpl58 1523999906
AR pc_module behavioral "C:/Users/brj3mx/Desktop/Procesador 4 bits/ARM_Cortex_32_Bits/PC_MODULE.vhd" sub00/vhpl61 1523999909
EN rom_mod NULL "C:/Users/brj3mx/Desktop/Procesador 4 bits/ARM_Cortex_32_Bits/rom_mod.vhd" sub00/vhpl28 1523999876
EN dir_reg NULL "C:/Users/brj3mx/Desktop/Procesador 4 bits/ARM_Cortex_32_Bits/dir_reg.vhd" sub00/vhpl32 1523999880
AR and_8 behavioral "C:/Users/brj3mx/Desktop/Procesador 4 bits/ARM_Cortex_32_Bits/and_8.vhd" sub00/vhpl07 1523999855
AR swap behavioral "C:/Users/brj3mx/Desktop/Procesador 4 bits/ARM_Cortex_32_Bits/swap.vhd" sub00/vhpl21 1523999869
AR dir_reg behavioral "C:/Users/brj3mx/Desktop/Procesador 4 bits/ARM_Cortex_32_Bits/dir_reg.vhd" sub00/vhpl33 1523999881
EN program_memory NULL "C:/Users/brj3mx/Desktop/Procesador 4 bits/ARM_Cortex_32_Bits/Program_Memory.vhd" sub00/vhpl66 1523999914
AR mux_mbr behavioral "C:/Users/brj3mx/Desktop/Procesador 4 bits/ARM_Cortex_32_Bits/Mux_MBR.vhd" sub00/vhpl41 1523999889
AR mar_mod behavioral "C:/Users/brj3mx/Desktop/Procesador 4 bits/ARM_Cortex_32_Bits/MAR.vhd" sub00/vhpl43 1523999891
EN mul NULL "C:/Users/brj3mx/Desktop/Procesador 4 bits/ARM_Cortex_32_Bits/MUL_DIV.vhd" sub00/vhpl22 1523999870
EN uinst NULL "C:/Users/brj3mx/Desktop/Procesador 4 bits/ARM_Cortex_32_Bits/uInst.vhd" sub00/vhpl48 1523999896
EN sub_deco NULL "C:/Users/brj3mx/Desktop/Procesador 4 bits/ARM_Cortex_32_Bits/sub_deco.vhd" sub00/vhpl02 1523999850
AR sub behavioral "C:/Users/brj3mx/Desktop/Procesador 4 bits/ARM_Cortex_32_Bits/sub.vhd" sub00/vhpl01 1523999849
AR procesador_32_bits behavioral "C:/Users/brj3mx/Desktop/Procesador 4 bits/ARM_Cortex_32_Bits/Procesador_32_bits.vhd" sub00/vhpl80 1523999925
AR restador behavioral "C:/Users/brj3mx/Desktop/Procesador 4 bits/ARM_Cortex_32_Bits/restador.vhd" sub00/vhpl27 1523999875
AR alu behavioral "C:/Users/brj3mx/Desktop/Procesador 4 bits/ARM_Cortex_32_Bits/alu.vhd" sub00/vhpl69 1523999917
AR ram_mod behavioral "C:/Users/brj3mx/Desktop/Procesador 4 bits/ARM_Cortex_32_Bits/ram_mod.vhd" sub00/vhpl37 1523999885
AR reg_a behavioral "C:/Users/brj3mx/Desktop/Procesador 4 bits/ARM_Cortex_32_Bits/reg_a.vhd" sub00/vhpl71 1523999919
AR sub_deco behavioral "C:/Users/brj3mx/Desktop/Procesador 4 bits/ARM_Cortex_32_Bits/sub_deco.vhd" sub00/vhpl03 1523999851
EN ram_memory NULL "C:/Users/brj3mx/Desktop/Procesador 4 bits/ARM_Cortex_32_Bits/RAM_Memory.vhd" sub00/vhpl62 1523999910
EN inst_reg NULL "C:/Users/brj3mx/Desktop/Procesador 4 bits/ARM_Cortex_32_Bits/inst_reg.vhd" sub00/vhpl30 1523999878
AR program_counter behavioral "C:/Users/brj3mx/Desktop/Procesador 4 bits/ARM_Cortex_32_Bits/program_counter.vhd" sub00/vhpl47 1523999895
AR ram_memory behavioral "C:/Users/brj3mx/Desktop/Procesador 4 bits/ARM_Cortex_32_Bits/RAM_Memory.vhd" sub00/vhpl63 1523999911
EN procesador_32_bits NULL "C:/Users/brj3mx/Desktop/Procesador 4 bits/ARM_Cortex_32_Bits/Procesador_32_bits.vhd" sub00/vhpl79 1523999924
AR sum behavioral "C:/Users/brj3mx/Desktop/Procesador 4 bits/ARM_Cortex_32_Bits/SUM.vhd" sub00/vhpl15 1523999863
AR spw behavioral "C:/Users/brj3mx/Desktop/Procesador 4 bits/ARM_Cortex_32_Bits/SPW.vhd" sub00/vhpl51 1523999899
EN not_8 NULL "C:/Users/brj3mx/Desktop/Procesador 4 bits/ARM_Cortex_32_Bits/not_8.vhd" sub00/vhpl12 1523999860
AR shift_r behavioral "C:/Users/brj3mx/Desktop/Procesador 4 bits/ARM_Cortex_32_Bits/shift_r.vhd" sub00/vhpl19 1523999867
EN ram_mod NULL "C:/Users/brj3mx/Desktop/Procesador 4 bits/ARM_Cortex_32_Bits/ram_mod.vhd" sub00/vhpl36 1523999884
EN reg_a NULL "C:/Users/brj3mx/Desktop/Procesador 4 bits/ARM_Cortex_32_Bits/reg_a.vhd" sub00/vhpl70 1523999918
EN reg_b NULL "C:/Users/brj3mx/Desktop/Procesador 4 bits/ARM_Cortex_32_Bits/reg_b.vhd" sub00/vhpl72 1523999920
EN procesador_final_tb NULL "C:/Users/brj3mx/Desktop/Procesador 4 bits/ARM_Cortex_32_Bits/Procesador_Final_TB.vhd" sub00/vhpl78 1523753961
EN procesador_4_bits NULL "C:/Users/brj3mx/Desktop/Procesador 4 bits/ARM_Cortex_32_Bits/Procesador_4_bits.vhd" sub00/vhpl76 1523754023
AR mbr_mod behavioral "C:/Users/brj3mx/Desktop/Procesador 4 bits/ARM_Cortex_32_Bits/MBR.vhd" sub00/vhpl39 1523999887
EN alu NULL "C:/Users/brj3mx/Desktop/Procesador 4 bits/ARM_Cortex_32_Bits/alu.vhd" sub00/vhpl68 1523999916
EN swap NULL "C:/Users/brj3mx/Desktop/Procesador 4 bits/ARM_Cortex_32_Bits/swap.vhd" sub00/vhpl20 1523999868
